Archive member included to satisfy reference by file (symbol)

c:/intelfpga_lite/18.1/nios2eds/bin/gnu/h-x86_64-mingw32/bin/../lib/gcc/nios2-elf/5.3.0\libgcc.a(adddf3.o)
                              obj/default/sccharts.o (__adddf3)
c:/intelfpga_lite/18.1/nios2eds/bin/gnu/h-x86_64-mingw32/bin/../lib/gcc/nios2-elf/5.3.0\libgcc.a(gedf2.o)
                              obj/default/sccharts.o (__gedf2)
c:/intelfpga_lite/18.1/nios2eds/bin/gnu/h-x86_64-mingw32/bin/../lib/gcc/nios2-elf/5.3.0\libgcc.a(ledf2.o)
                              obj/default/sccharts.o (__ltdf2)
c:/intelfpga_lite/18.1/nios2eds/bin/gnu/h-x86_64-mingw32/bin/../lib/gcc/nios2-elf/5.3.0\libgcc.a(subdf3.o)
                              obj/default/sccharts.o (__subdf3)
c:/intelfpga_lite/18.1/nios2eds/bin/gnu/h-x86_64-mingw32/bin/../lib/gcc/nios2-elf/5.3.0\libgcc.a(floatsidf.o)
                              obj/default/sccharts.o (__floatsidf)
c:/intelfpga_lite/18.1/nios2eds/bin/gnu/h-x86_64-mingw32/bin/../lib/gcc/nios2-elf/5.3.0\libgcc.a(_clzsi2.o)
                              c:/intelfpga_lite/18.1/nios2eds/bin/gnu/h-x86_64-mingw32/bin/../lib/gcc/nios2-elf/5.3.0\libgcc.a(adddf3.o) (__clzsi2)
c:/intelfpga_lite/18.1/nios2eds/bin/gnu/h-x86_64-mingw32/bin/../lib/gcc/nios2-elf/5.3.0\libgcc.a(_clz.o)
                              c:/intelfpga_lite/18.1/nios2eds/bin/gnu/h-x86_64-mingw32/bin/../lib/gcc/nios2-elf/5.3.0\libgcc.a(_clzsi2.o) (__clz_tab)
c:/intelfpga_lite/18.1/nios2eds/bin/gnu/h-x86_64-mingw32/bin/../lib/gcc/nios2-elf/5.3.0/../../../../../H-x86_64-mingw32/nios2-elf/lib\libc.a(lib_a-puts.o)
                              obj/default/main.o (puts)
c:/intelfpga_lite/18.1/nios2eds/bin/gnu/h-x86_64-mingw32/bin/../lib/gcc/nios2-elf/5.3.0/../../../../../H-x86_64-mingw32/nios2-elf/lib\libc.a(lib_a-strlen.o)
                              c:/intelfpga_lite/18.1/nios2eds/bin/gnu/h-x86_64-mingw32/bin/../lib/gcc/nios2-elf/5.3.0/../../../../../H-x86_64-mingw32/nios2-elf/lib\libc.a(lib_a-puts.o) (strlen)
c:/intelfpga_lite/18.1/nios2eds/bin/gnu/h-x86_64-mingw32/bin/../lib/gcc/nios2-elf/5.3.0/../../../../../H-x86_64-mingw32/nios2-elf/lib\libc.a(lib_a-findfp.o)
                              c:/intelfpga_lite/18.1/nios2eds/bin/gnu/h-x86_64-mingw32/bin/../lib/gcc/nios2-elf/5.3.0/../../../../../H-x86_64-mingw32/nios2-elf/lib\libc.a(lib_a-puts.o) (__sinit)
c:/intelfpga_lite/18.1/nios2eds/bin/gnu/h-x86_64-mingw32/bin/../lib/gcc/nios2-elf/5.3.0/../../../../../H-x86_64-mingw32/nios2-elf/lib\libc.a(lib_a-fvwrite.o)
                              c:/intelfpga_lite/18.1/nios2eds/bin/gnu/h-x86_64-mingw32/bin/../lib/gcc/nios2-elf/5.3.0/../../../../../H-x86_64-mingw32/nios2-elf/lib\libc.a(lib_a-puts.o) (__sfvwrite_r)
c:/intelfpga_lite/18.1/nios2eds/bin/gnu/h-x86_64-mingw32/bin/../lib/gcc/nios2-elf/5.3.0/../../../../../H-x86_64-mingw32/nios2-elf/lib\libc.a(lib_a-fwalk.o)
                              c:/intelfpga_lite/18.1/nios2eds/bin/gnu/h-x86_64-mingw32/bin/../lib/gcc/nios2-elf/5.3.0/../../../../../H-x86_64-mingw32/nios2-elf/lib\libc.a(lib_a-findfp.o) (_fwalk)
c:/intelfpga_lite/18.1/nios2eds/bin/gnu/h-x86_64-mingw32/bin/../lib/gcc/nios2-elf/5.3.0/../../../../../H-x86_64-mingw32/nios2-elf/lib\libc.a(lib_a-impure.o)
                              c:/intelfpga_lite/18.1/nios2eds/bin/gnu/h-x86_64-mingw32/bin/../lib/gcc/nios2-elf/5.3.0/../../../../../H-x86_64-mingw32/nios2-elf/lib\libc.a(lib_a-findfp.o) (_global_impure_ptr)
c:/intelfpga_lite/18.1/nios2eds/bin/gnu/h-x86_64-mingw32/bin/../lib/gcc/nios2-elf/5.3.0/../../../../../H-x86_64-mingw32/nios2-elf/lib\libc.a(lib_a-mallocr.o)
                              c:/intelfpga_lite/18.1/nios2eds/bin/gnu/h-x86_64-mingw32/bin/../lib/gcc/nios2-elf/5.3.0/../../../../../H-x86_64-mingw32/nios2-elf/lib\libc.a(lib_a-findfp.o) (_malloc_r)
c:/intelfpga_lite/18.1/nios2eds/bin/gnu/h-x86_64-mingw32/bin/../lib/gcc/nios2-elf/5.3.0/../../../../../H-x86_64-mingw32/nios2-elf/lib\libc.a(lib_a-memchr.o)
                              c:/intelfpga_lite/18.1/nios2eds/bin/gnu/h-x86_64-mingw32/bin/../lib/gcc/nios2-elf/5.3.0/../../../../../H-x86_64-mingw32/nios2-elf/lib\libc.a(lib_a-fvwrite.o) (memchr)
c:/intelfpga_lite/18.1/nios2eds/bin/gnu/h-x86_64-mingw32/bin/../lib/gcc/nios2-elf/5.3.0/../../../../../H-x86_64-mingw32/nios2-elf/lib\libc.a(lib_a-memcpy.o)
                              c:/intelfpga_lite/18.1/nios2eds/bin/gnu/h-x86_64-mingw32/bin/../lib/gcc/nios2-elf/5.3.0/../../../../../H-x86_64-mingw32/nios2-elf/lib\libc.a(lib_a-fvwrite.o) (memcpy)
c:/intelfpga_lite/18.1/nios2eds/bin/gnu/h-x86_64-mingw32/bin/../lib/gcc/nios2-elf/5.3.0/../../../../../H-x86_64-mingw32/nios2-elf/lib\libc.a(lib_a-memmove.o)
                              c:/intelfpga_lite/18.1/nios2eds/bin/gnu/h-x86_64-mingw32/bin/../lib/gcc/nios2-elf/5.3.0/../../../../../H-x86_64-mingw32/nios2-elf/lib\libc.a(lib_a-fvwrite.o) (memmove)
c:/intelfpga_lite/18.1/nios2eds/bin/gnu/h-x86_64-mingw32/bin/../lib/gcc/nios2-elf/5.3.0/../../../../../H-x86_64-mingw32/nios2-elf/lib\libc.a(lib_a-memset.o)
[...]
Memory Configuration

Name             Origin             Length             Attributes
reset            0x0000000000800000 0x0000000000000020
sdram            0x0000000000800020 0x00000000007fffe0
onchip_mem       0x0000000001008000 0x0000000000007800
*default*        0x0000000000000000 0xffffffffffffffff

Linker script and memory map

LOAD C:/COMPSYS303/PaceMakerAssignment/Pacemaker/NiosII/software/pacemaker_bsp//obj/HAL/src/crt0.o
LOAD obj/default/main.o
LOAD obj/default/purec.o
LOAD obj/default/sccharts.o
LOAD c:/intelfpga_lite/18.1/nios2eds/bin/gnu/h-x86_64-mingw32/bin/../lib/gcc/nios2-elf/5.3.0/../../../../../H-x86_64-mingw32/nios2-elf/lib\libstdc++.a
LOAD c:/intelfpga_lite/18.1/nios2eds/bin/gnu/h-x86_64-mingw32/bin/../lib/gcc/nios2-elf/5.3.0/../../../../../H-x86_64-mingw32/nios2-elf/lib\libm.a
LOAD c:/intelfpga_lite/18.1/nios2eds/bin/gnu/h-x86_64-mingw32/bin/../lib/gcc/nios2-elf/5.3.0\libgcc.a
START GROUP
LOAD c:/intelfpga_lite/18.1/nios2eds/bin/gnu/h-x86_64-mingw32/bin/../lib/gcc/nios2-elf/5.3.0/../../../../../H-x86_64-mingw32/nios2-elf/lib\libc.a
LOAD c:/intelfpga_lite/18.1/nios2eds/bin/gnu/h-x86_64-mingw32/bin/../lib/gcc/nios2-elf/5.3.0\libgcc.a
LOAD C:/COMPSYS303/PaceMakerAssignment/Pacemaker/NiosII/software/pacemaker_bsp/\libhal_bsp.a
LOAD c:/intelfpga_lite/18.1/nios2eds/bin/gnu/h-x86_64-mingw32/bin/../lib/gcc/nios2-elf/5.3.0/../../../../../H-x86_64-mingw32/nios2-elf/lib\libm.a
END GROUP
LOAD c:/intelfpga_lite/18.1/nios2eds/bin/gnu/h-x86_64-mingw32/bin/../lib/gcc/nios2-elf/5.3.0\libgcc.a
                0x0000000000800000                __alt_mem_sdram = 0x800000
                0x0000000001008000                __alt_mem_onchip_mem = 0x1008000

.entry          0x0000000000800000       0x20
 *(.entry)
 .entry         0x0000000000800000       0x20 C:/COMPSYS303/PaceMakerAssignment/Pacemaker/NiosII/software/pacemaker_bsp//obj/HAL/src/crt0.o
                0x0000000000800000                __reset

.exceptions     0x0000000000800020      0x224
                0x0000000000800020                PROVIDE (__ram_exceptions_start, ABSOLUTE (.))
                0x0000000000800020                . = ALIGN (0x20)
 *(.irq)
 *(.exceptions.entry.label)
 .exceptions.entry.label
                0x0000000000800020        0x0 C:/COMPSYS303/PaceMakerAssignment/Pacemaker/NiosII/software/pacemaker_bsp/\libhal_bsp.a(alt_irq_entry.o)
                0x0000000000800020                alt_irq_entry
 .exceptions.entry.label
                0x0000000000800020        0x0 C:/COMPSYS303/PaceMakerAssignment/Pacemaker/NiosII/software/pacemaker_bsp/\libhal_bsp.a(alt_exception_entry.o)
                0x0000000000800020                alt_exception
 *(.exceptions.entry.user)
 *(.exceptions.entry.ecc_fatal)
 *(.exceptions.entry)
 .exceptions.entry
                0x0000000000800020       0x54 C:/COMPSYS303/PaceMakerAssignment/Pacemaker/NiosII/software/pacemaker_bsp/\libhal_bsp.a(alt_exception_entry.o)
 *(.exceptions.irqtest.user)
 *(.exceptions.irqtest)
 .exceptions.irqtest
                0x0000000000800074       0x10 C:/COMPSYS303/PaceMakerAssignment/Pacemaker/NiosII/software/pacemaker_bsp/\libhal_bsp.a(alt_irq_entry.o)
 *(.exceptions.irqhandler.user)
 *(.exceptions.irqhandler)
 .exceptions.irqhandler
                0x0000000000800084        0x4 C:/COMPSYS303/PaceMakerAssignment/Pacemaker/NiosII/software/pacemaker_bsp/\libhal_bsp.a(alt_irq_entry.o)
 *(.exceptions.irqreturn.user)
 *(.exceptions.irqreturn)
 .exceptions.irqreturn
                0x0000000000800088        0x4 C:/COMPSYS303/PaceMakerAssignment/Pacemaker/NiosII/software/pacemaker_bsp/\libhal_bsp.a(alt_irq_entry.o)
 *(.exceptions.notirq.label)
 .exceptions.notirq.label
                0x000000000080008c        0x0 C:/COMPSYS303/PaceMakerAssignment/Pacemaker/NiosII/software/pacemaker_bsp/\libhal_bsp.a(alt_irq_entry.o)
 *(.exceptions.notirq.user)
 *(.exceptions.notirq)
 .exceptions.notirq
                0x000000000080008c        0x8 C:/COMPSYS303/PaceMakerAssignment/Pacemaker/NiosII/software/pacemaker_bsp/\libhal_bsp.a(alt_exception_entry.o)
 *(.exceptions.soft.user)
 *(.exceptions.soft)
 *(.exceptions.unknown.user)
 *(.exceptions.unknown)
 .exceptions.unknown
                0x0000000000800094       0x14 C:/COMPSYS303/PaceMakerAssignment/Pacemaker/NiosII/software/pacemaker_bsp/\libhal_bsp.a(alt_exception_entry.o)
 *(.exceptions.exit.label)
 .exceptions.exit.label
                0x00000000008000a8        0x0 C:/COMPSYS303/PaceMakerAssignment/Pacemaker/NiosII/software/pacemaker_bsp/\libhal_bsp.a(alt_irq_entry.o)
 .exceptions.exit.label
                0x00000000008000a8        0x0 C:/COMPSYS303/PaceMakerAssignment/Pacemaker/NiosII/software/pacemaker_bsp/\libhal_bsp.a(alt_exception_entry.o)
 *(.exceptions.exit.user)
 *(.exceptions.exit)
 .exceptions.exit
                0x00000000008000a8       0x54 C:/COMPSYS303/PaceMakerAssignment/Pacemaker/NiosII/software/pacemaker_bsp/\libhal_bsp.a(alt_exception_entry.o)
 *(.exceptions)
 .exceptions    0x00000000008000fc       0xd4 C:/COMPSYS303/PaceMakerAssignment/Pacemaker/NiosII/software/pacemaker_bsp/\libhal_bsp.a(alt_irq_handler.o)
                0x00000000008000fc                alt_irq_handler
 .exceptions    0x00000000008001d0       0x74 C:/COMPSYS303/PaceMakerAssignment/Pacemaker/NiosII/software/pacemaker_bsp/\libhal_bsp.a(alt_instruction_exception_entry.o)
                0x00000000008001d0                alt_instruction_exception_entry
                0x0000000000800244                PROVIDE (__ram_exceptions_end, ABSOLUTE (.))
                0x0000000000800020                PROVIDE (__flash_exceptions_start, LOADADDR (.exceptions))

.text           0x0000000000800244     0xcaa0
                [!provide]                        PROVIDE (stext, ABSOLUTE (.))
 *(.interp)
 *(.hash)
 *(.dynsym)
 *(.dynstr)
 *(.gnu.version)
 *(.gnu.version_d)
 *(.gnu.version_r)
 *(.rel.init)
 *(.rela.init)
 *(.rel.text .rel.text.* .rel.gnu.linkonce.t.*)
 *(.rela.text .rela.text.* .rela.gnu.linkonce.t.*)
 *(.rel.fini)
 *(.rela.fini)
 *(.rel.rodata .rel.rodata.* .rel.gnu.linkonce.r.*)
 *(.rela.rodata .rela.rodata.* .rela.gnu.linkonce.r.*)
 *(.rel.data .rel.data.* .rel.gnu.linkonce.d.*)
 *(.rela.data .rela.data.* .rela.gnu.linkonce.d.*)
 *(.rel.tdata .rel.tdata.* .rel.gnu.linkonce.td.*)
 *(.rela.tdata .rela.tdata.* .rela.gnu.linkonce.td.*)
 *(.rel.tbss .rel.tbss.* .rel.gnu.linkonce.tb.*)
 *(.rela.tbss .rela.tbss.* .rela.gnu.linkonce.tb.*)
 *(.rel.ctors)
 *(.rela.ctors)
 *(.rel.dtors)
 *(.rela.dtors)
 *(.rel.got)
 *(.rela.got)
 *(.rel.sdata .rel.sdata.* .rel.gnu.linkonce.s.*)
 *(.rela.sdata .rela.sdata.* .rela.gnu.linkonce.s.*)
 *(.rel.sbss .rel.sbss.* .rel.gnu.linkonce.sb.*)
 *(.rela.sbss .rela.sbss.* .rela.gnu.linkonce.sb.*)
 *(.rel.sdata2 .rel.sdata2.* .rel.gnu.linkonce.s2.*)
 *(.rela.sdata2 .rela.sdata2.* .rela.gnu.linkonce.s2.*)
 *(.rel.sbss2 .rel.sbss2.* .rel.gnu.linkonce.sb2.*)
 *(.rela.sbss2 .rela.sbss2.* .rela.gnu.linkonce.sb2.*)
 *(.rel.bss .rel.bss.* .rel.gnu.linkonce.b.*)
 *(.rela.bss .rela.bss.* .rela.gnu.linkonce.b.*)
 *(.rel.plt)
 *(.rela.plt)
 *(.rel.dyn)
 *(.init)
 *(.plt)
 *(.text .stub .text.* .gnu.linkonce.t.*)
 .text          0x0000000000800244       0x4c C:/COMPSYS303/PaceMakerAssignment/Pacemaker/NiosII/software/pacemaker_bsp//obj/HAL/src/crt0.o
                0x0000000000800244                _start
 .text          0x0000000000800290      0x548 obj/default/main.o
                0x0000000000800290                uart_com
                0x0000000000800318                main
                0x00000000008005f8                start_purec
                0x0000000000800628                stop_purec
                0x0000000000800648                init_purec
                0x0000000000800708                init_sccharts
                0x0000000000800750                reset_VP
                0x0000000000800794                reset_AP
 .text          0x00000000008007d8      0x8b4 obj/default/purec.o
                0x00000000008007d8                AVI_ISR
                0x000000000080081c                PVARP_ISR
                0x000000000080086c                VRP_ISR
                0x00000000008008bc                AEI_ISR
                0x0000000000800904                LRI_ISR
                0x000000000080094c                URI_ISR
                0x0000000000800994                startAVITimer
                0x00000000008009ec                startPVARPTimer
                0x0000000000800a48                startVRPTimer
                0x0000000000800aa4                startAEITimer
                0x0000000000800afc                startLRITimer
                0x0000000000800b54                startURITimer
                0x0000000000800bac                pacemaker
 .text          0x000000000080108c     0x3738 obj/default/sccharts.o
                0x000000000080108c                logic
                0x0000000000804370                reset
                0x00000000008045b8                tick
 .text          0x00000000008047c4      0x8ac c:/intelfpga_lite/18.1/nios2eds/bin/gnu/h-x86_64-mingw32/bin/../lib/gcc/nios2-elf/5.3.0\libgcc.a(adddf3.o)
                0x00000000008047c4                __adddf3
 .text          0x0000000000805070       0xdc c:/intelfpga_lite/18.1/nios2eds/bin/gnu/h-x86_64-mingw32/bin/../lib/gcc/nios2-elf/5.3.0\libgcc.a(gedf2.o)
                0x0000000000805070                __gedf2
                0x0000000000805070                __gtdf2
 .text          0x000000000080514c       0xf4 c:/intelfpga_lite/18.1/nios2eds/bin/gnu/h-x86_64-mingw32/bin/../lib/gcc/nios2-elf/5.3.0\libgcc.a(ledf2.o)
                0x000000000080514c                __ledf2
                0x000000000080514c                __ltdf2
 .text          0x0000000000805240      0x8fc c:/intelfpga_lite/18.1/nios2eds/bin/gnu/h-x86_64-mingw32/bin/../lib/gcc/nios2-elf/5.3.0\libgcc.a(subdf3.o)
                0x0000000000805240                __subdf3
 .text          0x0000000000805b3c       0xdc c:/intelfpga_lite/18.1/nios2eds/bin/gnu/h-x86_64-mingw32/bin/../lib/gcc/nios2-elf/5.3.0\libgcc.a(floatsidf.o)
                0x0000000000805b3c                __floatsidf
 .text          0x0000000000805c18       0x64 c:/intelfpga_lite/18.1/nios2eds/bin/gnu/h-x86_64-mingw32/bin/../lib/gcc/nios2-elf/5.3.0\libgcc.a(_clzsi2.o)
                0x0000000000805c18                __clzsi2
 .text          0x0000000000805c7c        0x0 c:/intelfpga_lite/18.1/nios2eds/bin/gnu/h-x86_64-mingw32/bin/../lib/gcc/nios2-elf/5.3.0\libgcc.a(_clz.o)
 .text          0x0000000000805c7c        0x0 c:/intelfpga_lite/18.1/nios2eds/bin/gnu/h-x86_64-mingw32/bin/../lib/gcc/nios2-elf/5.3.0/../../../../../H-x86_64-mingw32/nios2-elf/lib\libc.a(lib_a-puts.o)
 .text._puts_r  0x0000000000805c7c       0xc0 c:/intelfpga_lite/18.1/nios2eds/bin/gnu/h-x86_64-mingw32/bin/../lib/gcc/nios2-elf/5.3.0/../../../../../H-x86_64-mingw32/nios2-elf/lib\libc.a(lib_a-puts.o)
                0x0000000000805c7c                _puts_r
 .text.puts     0x0000000000805d3c       0x14 c:/intelfpga_lite/18.1/nios2eds/bin/gnu/h-x86_64-mingw32/bin/../lib/gcc/nios2-elf/5.3.0/../../../../../H-x86_64-mingw32/nios2-elf/lib\libc.a(lib_a-puts.o)
                0x0000000000805d3c                puts
 .text          0x0000000000805d50        0x0 c:/intelfpga_lite/18.1/nios2eds/bin/gnu/h-x86_64-mingw32/bin/../lib/gcc/nios2-elf/5.3.0/../../../../../H-x86_64-mingw32/nios2-elf/lib\libc.a(lib_a-strlen.o)
 .text.strlen   0x0000000000805d50       0x98 c:/intelfpga_lite/18.1/nios2eds/bin/gnu/h-x86_64-mingw32/bin/../lib/gcc/nios2-elf/5.3.0/../../../../../H-x86_64-mingw32/nios2-elf/lib\libc.a(lib_a-strlen.o)
                0x0000000000805d50                strlen
 .text          0x0000000000805de8        0x0 c:/intelfpga_lite/18.1/nios2eds/bin/gnu/h-x86_64-mingw32/bin/../lib/gcc/nios2-elf/5.3.0/../../../../../H-x86_64-mingw32/nios2-elf/lib\libc.a(lib_a-findfp.o)
 .text.__fp_unlock
                0x0000000000805de8        0x8 c:/intelfpga_lite/18.1/nios2eds/bin/gnu/h-x86_64-mingw32/bin/../lib/gcc/nios2-elf/5.3.0/../../../../../H-x86_64-mingw32/nios2-elf/lib\libc.a(lib_a-findfp.o)
 .text._cleanup_r
                0x0000000000805df0        0xc c:/intelfpga_lite/18.1/nios2eds/bin/gnu/h-x86_64-mingw32/bin/../lib/gcc/nios2-elf/5.3.0/../../../../../H-x86_64-mingw32/nios2-elf/lib\libc.a(lib_a-findfp.o)
                0x0000000000805df0                _cleanup_r
 .text.__sinit.part.1
                0x0000000000805dfc      0x19c c:/intelfpga_lite/18.1/nios2eds/bin/gnu/h-x86_64-mingw32/bin/../lib/gcc/nios2-elf/5.3.0/../../../../../H-x86_64-mingw32/nios2-elf/lib\libc.a(lib_a-findfp.o)
 .text.__fp_lock
                0x0000000000805f98        0x8 c:/intelfpga_lite/18.1/nios2eds/bin/gnu/h-x86_64-mingw32/bin/../lib/gcc/nios2-elf/5.3.0/../../../../../H-x86_64-mingw32/nios2-elf/lib\libc.a(lib_a-findfp.o)
 .text.__sfmoreglue
                0x0000000000805fa0       0x68 c:/intelfpga_lite/18.1/nios2eds/bin/gnu/h-x86_64-mingw32/bin/../lib/gcc/nios2-elf/5.3.0/../../../../../H-x86_64-mingw32/nios2-elf/lib\libc.a(lib_a-findfp.o)
                0x0000000000805fa0                __sfmoreglue
 .text.__sfp    0x0000000000806008      0x118 c:/intelfpga_lite/18.1/nios2eds/bin/gnu/h-x86_64-mingw32/bin/../lib/gcc/nios2-elf/5.3.0/../../../../../H-x86_64-mingw32/nios2-elf/lib\libc.a(lib_a-findfp.o)
                0x0000000000806008                __sfp
 .text._cleanup
                0x0000000000806120       0x18 c:/intelfpga_lite/18.1/nios2eds/bin/gnu/h-x86_64-mingw32/bin/../lib/gcc/nios2-elf/5.3.0/../../../../../H-x86_64-mingw32/nios2-elf/lib\libc.a(lib_a-findfp.o)
                0x0000000000806120                _cleanup
 .text.__sinit  0x0000000000806138       0x10 c:/intelfpga_lite/18.1/nios2eds/bin/gnu/h-x86_64-mingw32/bin/../lib/gcc/nios2-elf/5.3.0/../../../../../H-x86_64-mingw32/nios2-elf/lib\libc.a(lib_a-findfp.o)
                0x0000000000806138                __sinit
 .text.__sfp_lock_acquire
                0x0000000000806148        0x4 c:/intelfpga_lite/18.1/nios2eds/bin/gnu/h-x86_64-mingw32/bin/../lib/gcc/nios2-elf/5.3.0/../../../../../H-x86_64-mingw32/nios2-elf/lib\libc.a(lib_a-findfp.o)
                0x0000000000806148                __sfp_lock_acquire
 .text.__sfp_lock_release
                0x000000000080614c        0x4 c:/intelfpga_lite/18.1/nios2eds/bin/gnu/h-x86_64-mingw32/bin/../lib/gcc/nios2-elf/5.3.0/../../../../../H-x86_64-mingw32/nios2-elf/lib\libc.a(lib_a-findfp.o)
                0x000000000080614c                __sfp_lock_release
 .text.__sinit_lock_acquire
                0x0000000000806150        0x4 c:/intelfpga_lite/18.1/nios2eds/bin/gnu/h-x86_64-mingw32/bin/../lib/gcc/nios2-elf/5.3.0/../../../../../H-x86_64-mingw32/nios2-elf/lib\libc.a(lib_a-findfp.o)
                0x0000000000806150                __sinit_lock_acquire
 .text.__sinit_lock_release
                0x0000000000806154        0x4 c:/intelfpga_lite/18.1/nios2eds/bin/gnu/h-x86_64-mingw32/bin/../lib/gcc/nios2-elf/5.3.0/../../../../../H-x86_64-mingw32/nios2-elf/lib\libc.a(lib_a-findfp.o)
                0x0000000000806154                __sinit_lock_release
 .text.__fp_lock_all
                0x0000000000806158       0x18 c:/intelfpga_lite/18.1/nios2eds/bin/gnu/h-x86_64-mingw32/bin/../lib/gcc/nios2-elf/5.3.0/../../../../../H-x86_64-mingw32/nios2-elf/lib\libc.a(lib_a-findfp.o)
                0x0000000000806158                __fp_lock_all
 .text.__fp_unlock_all
                0x0000000000806170       0x18 c:/intelfpga_lite/18.1/nios2eds/bin/gnu/h-x86_64-mingw32/bin/../lib/gcc/nios2-elf/5.3.0/../../../../../H-x86_64-mingw32/nios2-elf/lib\libc.a(lib_a-findfp.o)
                0x0000000000806170                __fp_unlock_all
 .text          0x0000000000806188        0x0 c:/intelfpga_lite/18.1/nios2eds/bin/gnu/h-x86_64-mingw32/bin/../lib/gcc/nios2-elf/5.3.0/../../../../../H-x86_64-mingw32/nios2-elf/lib\libc.a(lib_a-fvwrite.o)
 .text.__sfvwrite_r
                0x0000000000806188      0x4bc c:/intelfpga_lite/18.1/nios2eds/bin/gnu/h-x86_64-mingw32/bin/../lib/gcc/nios2-elf/5.3.0/../../../../../H-x86_64-mingw32/nios2-elf/lib\libc.a(lib_a-fvwrite.o)
                0x0000000000806188                __sfvwrite_r
 .text          0x0000000000806644        0x0 c:/intelfpga_lite/18.1/nios2eds/bin/gnu/h-x86_64-mingw32/bin/../lib/gcc/nios2-elf/5.3.0/../../../../../H-x86_64-mingw32/nios2-elf/lib\libc.a(lib_a-fwalk.o)
 .text._fwalk   0x0000000000806644       0xc4 c:/intelfpga_lite/18.1/nios2eds/bin/gnu/h-x86_64-mingw32/bin/../lib/gcc/nios2-elf/5.3.0/../../../../../H-x86_64-mingw32/nios2-elf/lib\libc.a(lib_a-fwalk.o)
                0x0000000000806644                _fwalk
 .text._fwalk_reent
                0x0000000000806708       0xc4 c:/intelfpga_lite/18.1/nios2eds/bin/gnu/h-x86_64-mingw32/bin/../lib/gcc/nios2-elf/5.3.0/../../../../../H-x86_64-mingw32/nios2-elf/lib\libc.a(lib_a-fwalk.o)
                0x0000000000806708                _fwalk_reent
 .text          0x00000000008067cc        0x0 c:/intelfpga_lite/18.1/nios2eds/bin/gnu/h-x86_64-mingw32/bin/../lib/gcc/nios2-elf/5.3.0/../../../../../H-x86_64-mingw32/nios2-elf/lib\libc.a(lib_a-impure.o)
 .text          0x00000000008067cc        0x0 c:/intelfpga_lite/18.1/nios2eds/bin/gnu/h-x86_64-mingw32/bin/../lib/gcc/nios2-elf/5.3.0/../../../../../H-x86_64-mingw32/nios2-elf/lib\libc.a(lib_a-mallocr.o)
 .text._malloc_r
                0x00000000008067cc      0x80c c:/intelfpga_lite/18.1/nios2eds/bin/gnu/h-x86_64-mingw32/bin/../lib/gcc/nios2-elf/5.3.0/../../../../../H-x86_64-mingw32/nios2-elf/lib\libc.a(lib_a-mallocr.o)
                0x00000000008067cc                _malloc_r
 .text          0x0000000000806fd8        0x0 c:/intelfpga_lite/18.1/nios2eds/bin/gnu/h-x86_64-mingw32/bin/../lib/gcc/nios2-elf/5.3.0/../../../../../H-x86_64-mingw32/nios2-elf/lib\libc.a(lib_a-memchr.o)
 .text.memchr   0x0000000000806fd8       0xe4 c:/intelfpga_lite/18.1/nios2eds/bin/gnu/h-x86_64-mingw32/bin/../lib/gcc/nios2-elf/5.3.0/../../../../../H-x86_64-mingw32/nios2-elf/lib\libc.a(lib_a-memchr.o)
                0x0000000000806fd8                memchr
 .text          0x00000000008070bc        0x0 c:/intelfpga_lite/18.1/nios2eds/bin/gnu/h-x86_64-mingw32/bin/../lib/gcc/nios2-elf/5.3.0/../../../../../H-x86_64-mingw32/nios2-elf/lib\libc.a(lib_a-memcpy.o)
 .text.memcpy   0x00000000008070bc      0x148 c:/intelfpga_lite/18.1/nios2eds/bin/gnu/h-x86_64-mingw32/bin/../lib/gcc/nios2-elf/5.3.0/../../../../../H-x86_64-mingw32/nios2-elf/lib\libc.a(lib_a-memcpy.o)
                0x00000000008070bc                memcpy
 .text          0x0000000000807204        0x0 c:/intelfpga_lite/18.1/nios2eds/bin/gnu/h-x86_64-mingw32/bin/../lib/gcc/nios2-elf/5.3.0/../../../../../H-x86_64-mingw32/nios2-elf/lib\libc.a(lib_a-memmove.o)
 .text.memmove  0x0000000000807204      0x15c c:/intelfpga_lite/18.1/nios2eds/bin/gnu/h-x86_64-mingw32/bin/../lib/gcc/nios2-elf/5.3.0/../../../../../H-x86_64-mingw32/nios2-elf/lib\libc.a(lib_a-memmove.o)
                0x0000000000807204                memmove
 .text          0x0000000000807360        0x0 c:/intelfpga_lite/18.1/nios2eds/bin/gnu/h-x86_64-mingw32/bin/../lib/gcc/nios2-elf/5.3.0/../../../../../H-x86_64-mingw32/nios2-elf/lib\libc.a(lib_a-memset.o)
 .text.memset   0x0000000000807360      0x128 c:/intelfpga_lite/18.1/nios2eds/bin/gnu/h-x86_64-mingw32/bin/../lib/gcc/nios2-elf/5.3.0/../../../../../H-x86_64-mingw32/nios2-elf/lib\libc.a(lib_a-memset.o)
                0x0000000000807360                memset
 .text          0x0000000000807488        0x0 c:/intelfpga_lite/18.1/nios2eds/bin/gnu/h-x86_64-mingw32/bin/../lib/gcc/nios2-elf/5.3.0/../../../../../H-x86_64-mingw32/nios2-elf/lib\libc.a(lib_a-reallocr.o)
 .text._realloc_r
                0x0000000000807488      0x564 c:/intelfpga_lite/18.1/nios2eds/bin/gnu/h-x86_64-mingw32/bin/../lib/gcc/nios2-elf/5.3.0/../../../../../H-x86_64-mingw32/nios2-elf/lib\libc.a(lib_a-reallocr.o)
                0x0000000000807488                _realloc_r
 .text          0x00000000008079ec        0x0 c:/intelfpga_lite/18.1/nios2eds/bin/gnu/h-x86_64-mingw32/bin/../lib/gcc/nios2-elf/5.3.0/../../../../../H-x86_64-mingw32/nios2-elf/lib\libc.a(lib_a-sbrkr.o)
 .text._sbrk_r  0x00000000008079ec       0x54 c:/intelfpga_lite/18.1/nios2eds/bin/gnu/h-x86_64-mingw32/bin/../lib/gcc/nios2-elf/5.3.0/../../../../../H-x86_64-mingw32/nios2-elf/lib\libc.a(lib_a-sbrkr.o)
                0x00000000008079ec                _sbrk_r
 .text          0x0000000000807a40        0x0 c:/intelfpga_lite/18.1/nios2eds/bin/gnu/h-x86_64-mingw32/bin/../lib/gcc/nios2-elf/5.3.0/../../../../../H-x86_64-mingw32/nios2-elf/lib\libc.a(lib_a-stdio.o)
 .text.__sread  0x0000000000807a40       0x54 c:/intelfpga_lite/18.1/nios2eds/bin/gnu/h-x86_64-mingw32/bin/../lib/gcc/nios2-elf/5.3.0/../../../../../H-x86_64-mingw32/nios2-elf/lib\libc.a(lib_a-stdio.o)
                0x0000000000807a40                __sread
 .text.__seofread
                0x0000000000807a94        0x8 c:/intelfpga_lite/18.1/nios2eds/bin/gnu/h-x86_64-mingw32/bin/../lib/gcc/nios2-elf/5.3.0/../../../../../H-x86_64-mingw32/nios2-elf/lib\libc.a(lib_a-stdio.o)
                0x0000000000807a94                __seofread
 .text.__swrite
                0x0000000000807a9c       0x7c c:/intelfpga_lite/18.1/nios2eds/bin/gnu/h-x86_64-mingw32/bin/../lib/gcc/nios2-elf/5.3.0/../../../../../H-x86_64-mingw32/nios2-elf/lib\libc.a(lib_a-stdio.o)
                0x0000000000807a9c                __swrite
 .text.__sseek  0x0000000000807b18       0x5c c:/intelfpga_lite/18.1/nios2eds/bin/gnu/h-x86_64-mingw32/bin/../lib/gcc/nios2-elf/5.3.0/../../../../../H-x86_64-mingw32/nios2-elf/lib\libc.a(lib_a-stdio.o)
                0x0000000000807b18                __sseek
 .text.__sclose
                0x0000000000807b74        0x8 c:/intelfpga_lite/18.1/nios2eds/bin/gnu/h-x86_64-mingw32/bin/../lib/gcc/nios2-elf/5.3.0/../../../../../H-x86_64-mingw32/nios2-elf/lib\libc.a(lib_a-stdio.o)
                0x0000000000807b74                __sclose
 .text          0x0000000000807b7c        0x0 c:/intelfpga_lite/18.1/nios2eds/bin/gnu/h-x86_64-mingw32/bin/../lib/gcc/nios2-elf/5.3.0/../../../../../H-x86_64-mingw32/nios2-elf/lib\libc.a(lib_a-writer.o)
 .text._write_r
                0x0000000000807b7c       0x60 c:/intelfpga_lite/18.1/nios2eds/bin/gnu/h-x86_64-mingw32/bin/../lib/gcc/nios2-elf/5.3.0/../../../../../H-x86_64-mingw32/nios2-elf/lib\libc.a(lib_a-writer.o)
                0x0000000000807b7c                _write_r
 .text          0x0000000000807bdc        0x0 c:/intelfpga_lite/18.1/nios2eds/bin/gnu/h-x86_64-mingw32/bin/../lib/gcc/nios2-elf/5.3.0/../../../../../H-x86_64-mingw32/nios2-elf/lib\libc.a(lib_a-wsetup.o)
 .text.__swsetup_r
                0x0000000000807bdc      0x154 c:/intelfpga_lite/18.1/nios2eds/bin/gnu/h-x86_64-mingw32/bin/../lib/gcc/nios2-elf/5.3.0/../../../../../H-x86_64-mingw32/nios2-elf/lib\libc.a(lib_a-wsetup.o)
                0x0000000000807bdc                __swsetup_r
 .text          0x0000000000807d30        0x0 c:/intelfpga_lite/18.1/nios2eds/bin/gnu/h-x86_64-mingw32/bin/../lib/gcc/nios2-elf/5.3.0/../../../../../H-x86_64-mingw32/nios2-elf/lib\libc.a(closer.o)
 .text._close_r
                0x0000000000807d30       0x54 c:/intelfpga_lite/18.1/nios2eds/bin/gnu/h-x86_64-mingw32/bin/../lib/gcc/nios2-elf/5.3.0/../../../../../H-x86_64-mingw32/nios2-elf/lib\libc.a(closer.o)
                0x0000000000807d30                _close_r
 .text          0x0000000000807d84        0x0 c:/intelfpga_lite/18.1/nios2eds/bin/gnu/h-x86_64-mingw32/bin/../lib/gcc/nios2-elf/5.3.0/../../../../../H-x86_64-mingw32/nios2-elf/lib\libc.a(lib_a-fclose.o)
 .text._fclose_r
                0x0000000000807d84       0xf0 c:/intelfpga_lite/18.1/nios2eds/bin/gnu/h-x86_64-mingw32/bin/../lib/gcc/nios2-elf/5.3.0/../../../../../H-x86_64-mingw32/nios2-elf/lib\libc.a(lib_a-fclose.o)
                0x0000000000807d84                _fclose_r
 .text.fclose   0x0000000000807e74       0x14 c:/intelfpga_lite/18.1/nios2eds/bin/gnu/h-x86_64-mingw32/bin/../lib/gcc/nios2-elf/5.3.0/../../../../../H-x86_64-mingw32/nios2-elf/lib\libc.a(lib_a-fclose.o)
                0x0000000000807e74                fclose
 .text          0x0000000000807e88        0x0 c:/intelfpga_lite/18.1/nios2eds/bin/gnu/h-x86_64-mingw32/bin/../lib/gcc/nios2-elf/5.3.0/../../../../../H-x86_64-mingw32/nios2-elf/lib\libc.a(lib_a-fflush.o)
 .text.__sflush_r
                0x0000000000807e88      0x21c c:/intelfpga_lite/18.1/nios2eds/bin/gnu/h-x86_64-mingw32/bin/../lib/gcc/nios2-elf/5.3.0/../../../../../H-x86_64-mingw32/nios2-elf/lib\libc.a(lib_a-fflush.o)
                0x0000000000807e88                __sflush_r
 .text._fflush_r
                0x00000000008080a4       0x5c c:/intelfpga_lite/18.1/nios2eds/bin/gnu/h-x86_64-mingw32/bin/../lib/gcc/nios2-elf/5.3.0/../../../../../H-x86_64-mingw32/nios2-elf/lib\libc.a(lib_a-fflush.o)
                0x00000000008080a4                _fflush_r
 .text.fflush   0x0000000000808100       0x30 c:/intelfpga_lite/18.1/nios2eds/bin/gnu/h-x86_64-mingw32/bin/../lib/gcc/nios2-elf/5.3.0/../../../../../H-x86_64-mingw32/nios2-elf/lib\libc.a(lib_a-fflush.o)
                0x0000000000808100                fflush
 .text          0x0000000000808130        0x0 c:/intelfpga_lite/18.1/nios2eds/bin/gnu/h-x86_64-mingw32/bin/../lib/gcc/nios2-elf/5.3.0/../../../../../H-x86_64-mingw32/nios2-elf/lib\libc.a(lib_a-freer.o)
 .text._malloc_trim_r
                0x0000000000808130      0x124 c:/intelfpga_lite/18.1/nios2eds/bin/gnu/h-x86_64-mingw32/bin/../lib/gcc/nios2-elf/5.3.0/../../../../../H-x86_64-mingw32/nios2-elf/lib\libc.a(lib_a-freer.o)
                0x0000000000808130                _malloc_trim_r
 .text._free_r  0x0000000000808254      0x310 c:/intelfpga_lite/18.1/nios2eds/bin/gnu/h-x86_64-mingw32/bin/../lib/gcc/nios2-elf/5.3.0/../../../../../H-x86_64-mingw32/nios2-elf/lib\libc.a(lib_a-freer.o)
                0x0000000000808254                _free_r
 .text          0x0000000000808564        0x0 c:/intelfpga_lite/18.1/nios2eds/bin/gnu/h-x86_64-mingw32/bin/../lib/gcc/nios2-elf/5.3.0/../../../../../H-x86_64-mingw32/nios2-elf/lib\libc.a(lib_a-int_errno.o)
 .text          0x0000000000808564        0x0 c:/intelfpga_lite/18.1/nios2eds/bin/gnu/h-x86_64-mingw32/bin/../lib/gcc/nios2-elf/5.3.0/../../../../../H-x86_64-mingw32/nios2-elf/lib\libc.a(lib_a-lseekr.o)
 .text._lseek_r
                0x0000000000808564       0x60 c:/intelfpga_lite/18.1/nios2eds/bin/gnu/h-x86_64-mingw32/bin/../lib/gcc/nios2-elf/5.3.0/../../../../../H-x86_64-mingw32/nios2-elf/lib\libc.a(lib_a-lseekr.o)
                0x0000000000808564                _lseek_r
 .text          0x00000000008085c4        0x0 c:/intelfpga_lite/18.1/nios2eds/bin/gnu/h-x86_64-mingw32/bin/../lib/gcc/nios2-elf/5.3.0/../../../../../H-x86_64-mingw32/nios2-elf/lib\libc.a(lib_a-makebuf.o)
 .text.__smakebuf_r
                0x00000000008085c4      0x1bc c:/intelfpga_lite/18.1/nios2eds/bin/gnu/h-x86_64-mingw32/bin/../lib/gcc/nios2-elf/5.3.0/../../../../../H-x86_64-mingw32/nios2-elf/lib\libc.a(lib_a-makebuf.o)
                0x00000000008085c4                __smakebuf_r
 .text          0x0000000000808780        0x0 c:/intelfpga_lite/18.1/nios2eds/bin/gnu/h-x86_64-mingw32/bin/../lib/gcc/nios2-elf/5.3.0/../../../../../H-x86_64-mingw32/nios2-elf/lib\libc.a(lib_a-readr.o)
 .text._read_r  0x0000000000808780       0x60 c:/intelfpga_lite/18.1/nios2eds/bin/gnu/h-x86_64-mingw32/bin/../lib/gcc/nios2-elf/5.3.0/../../../../../H-x86_64-mingw32/nios2-elf/lib\libc.a(lib_a-readr.o)
                0x0000000000808780                _read_r
 .text          0x00000000008087e0        0x0 c:/intelfpga_lite/18.1/nios2eds/bin/gnu/h-x86_64-mingw32/bin/../lib/gcc/nios2-elf/5.3.0/../../../../../H-x86_64-mingw32/nios2-elf/lib\libc.a(lib_a-fstatr.o)
 .text._fstat_r
                0x00000000008087e0       0x5c c:/intelfpga_lite/18.1/nios2eds/bin/gnu/h-x86_64-mingw32/bin/../lib/gcc/nios2-elf/5.3.0/../../../../../H-x86_64-mingw32/nios2-elf/lib\libc.a(lib_a-fstatr.o)
                0x00000000008087e0                _fstat_r
 .text          0x000000000080883c        0x0 c:/intelfpga_lite/18.1/nios2eds/bin/gnu/h-x86_64-mingw32/bin/../lib/gcc/nios2-elf/5.3.0/../../../../../H-x86_64-mingw32/nios2-elf/lib\libc.a(lib_a-isattyr.o)
 .text._isatty_r
                0x000000000080883c       0x54 c:/intelfpga_lite/18.1/nios2eds/bin/gnu/h-x86_64-mingw32/bin/../lib/gcc/nios2-elf/5.3.0/../../../../../H-x86_64-mingw32/nios2-elf/lib\libc.a(lib_a-isattyr.o)
                0x000000000080883c                _isatty_r
 .text          0x0000000000808890      0x1b4 c:/intelfpga_lite/18.1/nios2eds/bin/gnu/h-x86_64-mingw32/bin/../lib/gcc/nios2-elf/5.3.0\libgcc.a(lib2-divmod.o)
                0x0000000000808890                __divsi3
                0x0000000000808914                __modsi3
                0x0000000000808988                __udivsi3
                0x00000000008089ec                __umodsi3
 .text          0x0000000000808a44      0x12c C:/COMPSYS303/PaceMakerAssignment/Pacemaker/NiosII/software/pacemaker_bsp/\libhal_bsp.a(alt_alarm_start.o)
                0x0000000000808a44                alt_alarm_start
 .text          0x0000000000808b70      0x10c C:/COMPSYS303/PaceMakerAssignment/Pacemaker/NiosII/software/pacemaker_bsp/\libhal_bsp.a(alt_close.o)
                0x0000000000808bac                close
 .text          0x0000000000808c7c       0x2c C:/COMPSYS303/PaceMakerAssignment/Pacemaker/NiosII/software/pacemaker_bsp/\libhal_bsp.a(alt_dev.o)
 .text          0x0000000000808ca8        0x0 C:/COMPSYS303/PaceMakerAssignment/Pacemaker/NiosII/software/pacemaker_bsp/\libhal_bsp.a(alt_errno.o)
 .text          0x0000000000808ca8       0xec C:/COMPSYS303/PaceMakerAssignment/Pacemaker/NiosII/software/pacemaker_bsp/\libhal_bsp.a(alt_fstat.o)
                0x0000000000808ce4                fstat
 .text          0x0000000000808d94      0x180 C:/COMPSYS303/PaceMakerAssignment/Pacemaker/NiosII/software/pacemaker_bsp/\libhal_bsp.a(alt_irq_register.o)
                0x0000000000808d94                alt_irq_register
 .text          0x0000000000808f14        0x0 C:/COMPSYS303/PaceMakerAssignment/Pacemaker/NiosII/software/pacemaker_bsp/\libhal_bsp.a(alt_irq_vars.o)
 .text          0x0000000000808f14       0xe0 C:/COMPSYS303/PaceMakerAssignment/Pacemaker/NiosII/software/pacemaker_bsp/\libhal_bsp.a(alt_isatty.o)
                0x0000000000808f50                isatty
 .text          0x0000000000808ff4       0xec C:/COMPSYS303/PaceMakerAssignment/Pacemaker/NiosII/software/pacemaker_bsp/\libhal_bsp.a(alt_load.o)
                0x000000000080905c                alt_load
 .text          0x00000000008090e0      0x110 C:/COMPSYS303/PaceMakerAssignment/Pacemaker/NiosII/software/pacemaker_bsp/\libhal_bsp.a(alt_lseek.o)
                0x000000000080911c                lseek
 .text          0x00000000008091f0       0x7c C:/COMPSYS303/PaceMakerAssignment/Pacemaker/NiosII/software/pacemaker_bsp/\libhal_bsp.a(alt_main.o)
                0x00000000008091f0                alt_main
 .text          0x000000000080926c       0x48 C:/COMPSYS303/PaceMakerAssignment/Pacemaker/NiosII/software/pacemaker_bsp/\libhal_bsp.a(alt_malloc_lock.o)
                0x000000000080926c                __malloc_lock
                0x0000000000809290                __malloc_unlock
 .text          0x00000000008092b4      0x138 C:/COMPSYS303/PaceMakerAssignment/Pacemaker/NiosII/software/pacemaker_bsp/\libhal_bsp.a(alt_read.o)
                0x00000000008092f0                read
 .text          0x00000000008093ec       0x64 C:/COMPSYS303/PaceMakerAssignment/Pacemaker/NiosII/software/pacemaker_bsp/\libhal_bsp.a(alt_release_fd.o)
                0x00000000008093ec                alt_release_fd
 .text          0x0000000000809450       0xb0 C:/COMPSYS303/PaceMakerAssignment/Pacemaker/NiosII/software/pacemaker_bsp/\libhal_bsp.a(alt_sbrk.o)
                0x0000000000809450                sbrk
 .text          0x0000000000809500      0x1a4 C:/COMPSYS303/PaceMakerAssignment/Pacemaker/NiosII/software/pacemaker_bsp/\libhal_bsp.a(alt_tick.o)
                0x0000000000809500                alt_alarm_stop
                0x000000000080959c                alt_tick
 .text          0x00000000008096a4      0x134 C:/COMPSYS303/PaceMakerAssignment/Pacemaker/NiosII/software/pacemaker_bsp/\libhal_bsp.a(alt_write.o)
                0x00000000008096e0                write
 .text          0x00000000008097d8      0x104 C:/COMPSYS303/PaceMakerAssignment/Pacemaker/NiosII/software/pacemaker_bsp/\libhal_bsp.a(alt_sys_init.o)
                0x000000000080980c                alt_irq_init
                0x0000000000809844                alt_sys_init
 .text          0x00000000008098dc      0x164 C:/COMPSYS303/PaceMakerAssignment/Pacemaker/NiosII/software/pacemaker_bsp/\libhal_bsp.a(altera_avalon_jtag_uart_fd.o)
                0x00000000008098dc                altera_avalon_jtag_uart_read_fd
                0x000000000080993c                altera_avalon_jtag_uart_write_fd
                0x000000000080999c                altera_avalon_jtag_uart_close_fd
                0x00000000008099ec                altera_avalon_jtag_uart_ioctl_fd
 .text          0x0000000000809a40      0x3d4 C:/COMPSYS303/PaceMakerAssignment/Pacemaker/NiosII/software/pacemaker_bsp/\libhal_bsp.a(altera_avalon_jtag_uart_init.o)
                0x0000000000809a40                altera_avalon_jtag_uart_init
                0x0000000000809dac                altera_avalon_jtag_uart_close
 .text          0x0000000000809e14       0xf0 C:/COMPSYS303/PaceMakerAssignment/Pacemaker/NiosII/software/pacemaker_bsp/\libhal_bsp.a(altera_avalon_jtag_uart_ioctl.o)
                0x0000000000809e14                altera_avalon_jtag_uart_ioctl
 .text          0x0000000000809f04      0x21c C:/COMPSYS303/PaceMakerAssignment/Pacemaker/NiosII/software/pacemaker_bsp/\libhal_bsp.a(altera_avalon_jtag_uart_read.o)
                0x0000000000809f04                altera_avalon_jtag_uart_read
 .text          0x000000000080a120      0x224 C:/COMPSYS303/PaceMakerAssignment/Pacemaker/NiosII/software/pacemaker_bsp/\libhal_bsp.a(altera_avalon_jtag_uart_write.o)
                0x000000000080a120                altera_avalon_jtag_uart_write
 .text          0x000000000080a344      0xe7c C:/COMPSYS303/PaceMakerAssignment/Pacemaker/NiosII/software/pacemaker_bsp/\libhal_bsp.a(altera_avalon_lcd_16207.o)
                0x000000000080ab08                altera_avalon_lcd_16207_write
                0x000000000080b08c                altera_avalon_lcd_16207_init
 .text          0x000000000080b1c0       0x60 C:/COMPSYS303/PaceMakerAssignment/Pacemaker/NiosII/software/pacemaker_bsp/\libhal_bsp.a(altera_avalon_lcd_16207_fd.o)
                0x000000000080b1c0                altera_avalon_lcd_16207_write_fd
 .text          0x000000000080b220       0xf4 C:/COMPSYS303/PaceMakerAssignment/Pacemaker/NiosII/software/pacemaker_bsp/\libhal_bsp.a(altera_avalon_timer_sc.o)
                0x000000000080b298                alt_avalon_timer_sc_init
 .text          0x000000000080b314      0x110 C:/COMPSYS303/PaceMakerAssignment/Pacemaker/NiosII/software/pacemaker_bsp/\libhal_bsp.a(altera_avalon_uart_fd.o)
                0x000000000080b314                altera_avalon_uart_read_fd
                0x000000000080b374                altera_avalon_uart_write_fd
                0x000000000080b3d4                altera_avalon_uart_close_fd
 .text          0x000000000080b424      0x3c8 C:/COMPSYS303/PaceMakerAssignment/Pacemaker/NiosII/software/pacemaker_bsp/\libhal_bsp.a(altera_avalon_uart_init.o)
                0x000000000080b424                altera_avalon_uart_init
                0x000000000080b798                altera_avalon_uart_close
 .text          0x000000000080b7ec      0x218 C:/COMPSYS303/PaceMakerAssignment/Pacemaker/NiosII/software/pacemaker_bsp/\libhal_bsp.a(altera_avalon_uart_read.o)
                0x000000000080b828                altera_avalon_uart_read
 .text          0x000000000080ba04      0x1e8 C:/COMPSYS303/PaceMakerAssignment/Pacemaker/NiosII/software/pacemaker_bsp/\libhal_bsp.a(altera_avalon_uart_write.o)
                0x000000000080ba40                altera_avalon_uart_write
 .text          0x000000000080bbec       0x48 C:/COMPSYS303/PaceMakerAssignment/Pacemaker/NiosII/software/pacemaker_bsp/\libhal_bsp.a(alt_dcache_flush_all.o)
                0x000000000080bbec                alt_dcache_flush_all
 .text          0x000000000080bc34       0xe0 C:/COMPSYS303/PaceMakerAssignment/Pacemaker/NiosII/software/pacemaker_bsp/\libhal_bsp.a(alt_dev_llist_insert.o)
                0x000000000080bc70                alt_dev_llist_insert
 .text          0x000000000080bd14       0x60 C:/COMPSYS303/PaceMakerAssignment/Pacemaker/NiosII/software/pacemaker_bsp/\libhal_bsp.a(alt_do_ctors.o)
                0x000000000080bd14                _do_ctors
 .text          0x000000000080bd74       0x60 C:/COMPSYS303/PaceMakerAssignment/Pacemaker/NiosII/software/pacemaker_bsp/\libhal_bsp.a(alt_do_dtors.o)
                0x000000000080bd74                _do_dtors
 .text          0x000000000080bdd4       0x34 C:/COMPSYS303/PaceMakerAssignment/Pacemaker/NiosII/software/pacemaker_bsp/\libhal_bsp.a(alt_icache_flush_all.o)
                0x000000000080bdd4                alt_icache_flush_all
 .text          0x000000000080be08      0x1b0 C:/COMPSYS303/PaceMakerAssignment/Pacemaker/NiosII/software/pacemaker_bsp/\libhal_bsp.a(alt_iic.o)
                0x000000000080be08                alt_ic_isr_register
                0x000000000080be58                alt_ic_irq_enable
                0x000000000080bee0                alt_ic_irq_disable
                0x000000000080bf6c                alt_ic_irq_enabled
 .text          0x000000000080bfb8       0xf0 C:/COMPSYS303/PaceMakerAssignment/Pacemaker/NiosII/software/pacemaker_bsp/\libhal_bsp.a(alt_iic_isr_register.o)
                0x000000000080bfb8                alt_iic_isr_register
 .text          0x000000000080c0a8      0x140 C:/COMPSYS303/PaceMakerAssignment/Pacemaker/NiosII/software/pacemaker_bsp/\libhal_bsp.a(alt_io_redirect.o)
                0x000000000080c16c                alt_io_redirect
 .text          0x000000000080c1e8        0x0 C:/COMPSYS303/PaceMakerAssignment/Pacemaker/NiosII/software/pacemaker_bsp/\libhal_bsp.a(alt_irq_entry.o)
 .text          0x000000000080c1e8        0x0 C:/COMPSYS303/PaceMakerAssignment/Pacemaker/NiosII/software/pacemaker_bsp/\libhal_bsp.a(alt_irq_handler.o)
 .text          0x000000000080c1e8      0x254 C:/COMPSYS303/PaceMakerAssignment/Pacemaker/NiosII/software/pacemaker_bsp/\libhal_bsp.a(alt_open.o)
                0x000000000080c2e8                open
 .text          0x000000000080c43c       0x30 C:/COMPSYS303/PaceMakerAssignment/Pacemaker/NiosII/software/pacemaker_bsp/\libhal_bsp.a(alt_usleep.o)
                0x000000000080c43c                usleep
 .text          0x000000000080c46c       0x24 C:/COMPSYS303/PaceMakerAssignment/Pacemaker/NiosII/software/pacemaker_bsp/\libhal_bsp.a(altera_nios2_gen2_irq.o)
                0x000000000080c46c                altera_nios2_gen2_irq_init
 .text          0x000000000080c490      0x158 C:/COMPSYS303/PaceMakerAssignment/Pacemaker/NiosII/software/pacemaker_bsp/\libhal_bsp.a(alt_busy_sleep.o)
                0x000000000080c490                alt_busy_sleep
 .text          0x000000000080c5e8        0x0 C:/COMPSYS303/PaceMakerAssignment/Pacemaker/NiosII/software/pacemaker_bsp/\libhal_bsp.a(alt_exception_entry.o)
 .text          0x000000000080c5e8       0x90 C:/COMPSYS303/PaceMakerAssignment/Pacemaker/NiosII/software/pacemaker_bsp/\libhal_bsp.a(alt_find_dev.o)
                0x000000000080c5e8                alt_find_dev
 .text          0x000000000080c678      0x108 C:/COMPSYS303/PaceMakerAssignment/Pacemaker/NiosII/software/pacemaker_bsp/\libhal_bsp.a(alt_find_file.o)
                0x000000000080c678                alt_find_file
 .text          0x000000000080c780       0xa4 C:/COMPSYS303/PaceMakerAssignment/Pacemaker/NiosII/software/pacemaker_bsp/\libhal_bsp.a(alt_get_fd.o)
                0x000000000080c780                alt_get_fd
 .text          0x000000000080c824       0x90 C:/COMPSYS303/PaceMakerAssignment/Pacemaker/NiosII/software/pacemaker_bsp/\libhal_bsp.a(alt_icache_flush.o)
                0x000000000080c824                alt_icache_flush
 .text          0x000000000080c8b4       0x9c C:/COMPSYS303/PaceMakerAssignment/Pacemaker/NiosII/software/pacemaker_bsp/\libhal_bsp.a(alt_instruction_exception_entry.o)
                0x000000000080c8b4                alt_exception_cause_generated_bad_addr
 .text          0x000000000080c950        0x0 c:/intelfpga_lite/18.1/nios2eds/bin/gnu/h-x86_64-mingw32/bin/../lib/gcc/nios2-elf/5.3.0/../../../../../H-x86_64-mingw32/nios2-elf/lib\libc.a(lib_a-atexit.o)
 .text.atexit   0x000000000080c950       0x14 c:/intelfpga_lite/18.1/nios2eds/bin/gnu/h-x86_64-mingw32/bin/../lib/gcc/nios2-elf/5.3.0/../../../../../H-x86_64-mingw32/nios2-elf/lib\libc.a(lib_a-atexit.o)
                0x000000000080c950                atexit
 .text          0x000000000080c964        0x0 c:/intelfpga_lite/18.1/nios2eds/bin/gnu/h-x86_64-mingw32/bin/../lib/gcc/nios2-elf/5.3.0/../../../../../H-x86_64-mingw32/nios2-elf/lib\libc.a(lib_a-ctype_.o)
 .text          0x000000000080c964        0x0 c:/intelfpga_lite/18.1/nios2eds/bin/gnu/h-x86_64-mingw32/bin/../lib/gcc/nios2-elf/5.3.0/../../../../../H-x86_64-mingw32/nios2-elf/lib\libc.a(lib_a-exit.o)
 .text.exit     0x000000000080c964       0x38 c:/intelfpga_lite/18.1/nios2eds/bin/gnu/h-x86_64-mingw32/bin/../lib/gcc/nios2-elf/5.3.0/../../../../../H-x86_64-mingw32/nios2-elf/lib\libc.a(lib_a-exit.o)
                0x000000000080c964                exit
 .text          0x000000000080c99c        0x0 c:/intelfpga_lite/18.1/nios2eds/bin/gnu/h-x86_64-mingw32/bin/../lib/gcc/nios2-elf/5.3.0/../../../../../H-x86_64-mingw32/nios2-elf/lib\libc.a(lib_a-memcmp.o)
 .text.memcmp   0x000000000080c99c       0x7c c:/intelfpga_lite/18.1/nios2eds/bin/gnu/h-x86_64-mingw32/bin/../lib/gcc/nios2-elf/5.3.0/../../../../../H-x86_64-mingw32/nios2-elf/lib\libc.a(lib_a-memcmp.o)
                0x000000000080c99c                memcmp
 .text          0x000000000080ca18        0x0 c:/intelfpga_lite/18.1/nios2eds/bin/gnu/h-x86_64-mingw32/bin/../lib/gcc/nios2-elf/5.3.0/../../../../../H-x86_64-mingw32/nios2-elf/lib\libc.a(lib_a-__atexit.o)
 .text.__register_exitproc
                0x000000000080ca18      0x118 c:/intelfpga_lite/18.1/nios2eds/bin/gnu/h-x86_64-mingw32/bin/../lib/gcc/nios2-elf/5.3.0/../../../../../H-x86_64-mingw32/nios2-elf/lib\libc.a(lib_a-__atexit.o)
                0x000000000080ca18                __register_exitproc
 .text          0x000000000080cb30        0x0 c:/intelfpga_lite/18.1/nios2eds/bin/gnu/h-x86_64-mingw32/bin/../lib/gcc/nios2-elf/5.3.0/../../../../../H-x86_64-mingw32/nios2-elf/lib\libc.a(lib_a-__call_atexit.o)
 .text.__call_exitprocs
                0x000000000080cb30      0x180 c:/intelfpga_lite/18.1/nios2eds/bin/gnu/h-x86_64-mingw32/bin/../lib/gcc/nios2-elf/5.3.0/../../../../../H-x86_64-mingw32/nios2-elf/lib\libc.a(lib_a-__call_atexit.o)
                0x000000000080cb30                __call_exitprocs
 .text          0x000000000080ccb0       0x34 C:/COMPSYS303/PaceMakerAssignment/Pacemaker/NiosII/software/pacemaker_bsp/\libhal_bsp.a(alt_exit.o)
                0x000000000080ccb0                _exit
 *(.gnu.warning.*)
 *(.fini)
                [!provide]                        PROVIDE (__etext, ABSOLUTE (.))
                [!provide]                        PROVIDE (_etext, ABSOLUTE (.))
                [!provide]                        PROVIDE (etext, ABSOLUTE (.))
 *(.eh_frame_hdr)
                0x000000000080cce4                . = ALIGN (0x4)
                [!provide]                        PROVIDE (__preinit_array_start, ABSOLUTE (.))
 *(.preinit_array)
                [!provide]                        PROVIDE (__preinit_array_end, ABSOLUTE (.))
                [!provide]                        PROVIDE (__init_array_start, ABSOLUTE (.))
 *(.init_array)
                [!provide]                        PROVIDE (__init_array_end, ABSOLUTE (.))
                [!provide]                        PROVIDE (__fini_array_start, ABSOLUTE (.))
 *(.fini_array)
                [!provide]                        PROVIDE (__fini_array_end, ABSOLUTE (.))
 *(.eh_frame)
 *(.gcc_except_table .gcc_except_table.*)
 *(.dynamic)
                0x000000000080cce4                PROVIDE (__CTOR_LIST__, ABSOLUTE (.))
 *(.ctors)
 *(SORT(.ctors.*))
                0x000000000080cce4                PROVIDE (__CTOR_END__, ABSOLUTE (.))
                0x000000000080cce4                PROVIDE (__DTOR_LIST__, ABSOLUTE (.))
 *(.dtors)
 *(SORT(.dtors.*))
                0x000000000080cce4                PROVIDE (__DTOR_END__, ABSOLUTE (.))
 *(.jcr)
                0x000000000080cce4                . = ALIGN (0x4)

.rodata         0x000000000080cce4      0x3fc
                0x000000000080cce4                PROVIDE (__ram_rodata_start, ABSOLUTE (.))
                0x000000000080cce4                . = ALIGN (0x4)
 *(.rodata .rodata.* .gnu.linkonce.r.*)
 .rodata        0x000000000080cce4       0x24 obj/default/main.o
 .rodata        0x000000000080cd08        0x9 obj/default/purec.o
 .rodata        0x000000000080cd11      0x100 c:/intelfpga_lite/18.1/nios2eds/bin/gnu/h-x86_64-mingw32/bin/../lib/gcc/nios2-elf/5.3.0\libgcc.a(_clz.o)
                0x000000000080cd11                __clz_tab
 *fill*         0x000000000080ce11        0x3 
 .rodata.str1.4
                0x000000000080ce14        0x2 c:/intelfpga_lite/18.1/nios2eds/bin/gnu/h-x86_64-mingw32/bin/../lib/gcc/nios2-elf/5.3.0/../../../../../H-x86_64-mingw32/nios2-elf/lib\libc.a(lib_a-puts.o)
 *fill*         0x000000000080ce16        0x2 
 .rodata.str1.4
                0x000000000080ce18        0x4 c:/intelfpga_lite/18.1/nios2eds/bin/gnu/h-x86_64-mingw32/bin/../lib/gcc/nios2-elf/5.3.0/../../../../../H-x86_64-mingw32/nios2-elf/lib\libc.a(lib_a-impure.o)
                                          0x2 (size before relaxing)
 .rodata        0x000000000080ce1c        0xa C:/COMPSYS303/PaceMakerAssignment/Pacemaker/NiosII/software/pacemaker_bsp/\libhal_bsp.a(alt_dev.o)
 *fill*         0x000000000080ce26        0x2 
 .rodata        0x000000000080ce28        0xf C:/COMPSYS303/PaceMakerAssignment/Pacemaker/NiosII/software/pacemaker_bsp/\libhal_bsp.a(alt_main.o)
 *fill*         0x000000000080ce37        0x1 
 .rodata        0x000000000080ce38       0x26 C:/COMPSYS303/PaceMakerAssignment/Pacemaker/NiosII/software/pacemaker_bsp/\libhal_bsp.a(alt_sys_init.o)
 .rodata._ctype_
                0x000000000080ce5e      0x101 c:/intelfpga_lite/18.1/nios2eds/bin/gnu/h-x86_64-mingw32/bin/../lib/gcc/nios2-elf/5.3.0/../../../../../H-x86_64-mingw32/nios2-elf/lib\libc.a(lib_a-ctype_.o)
                0x000000000080ce5e                _ctype_
 .rodata._ctype_b
                0x000000000080cf5f      0x180 c:/intelfpga_lite/18.1/nios2eds/bin/gnu/h-x86_64-mingw32/bin/../lib/gcc/nios2-elf/5.3.0/../../../../../H-x86_64-mingw32/nios2-elf/lib\libc.a(lib_a-ctype_.o)
 *(.rodata1)
                0x000000000080d0e0                . = ALIGN (0x4)
 *fill*         0x000000000080d0df        0x1 
                0x000000000080d0e0                PROVIDE (__ram_rodata_end, ABSOLUTE (.))
                0x000000000080cce4                PROVIDE (__flash_rodata_start, LOADADDR (.rodata))

.rwdata         0x000000000080d0e0     0x1c78 load address 0x000000000080ed58
                0x000000000080d0e0                PROVIDE (__ram_rwdata_start, ABSOLUTE (.))
                0x000000000080d0e0                . = ALIGN (0x4)
 *(.got.plt)
 *(.got)
 *(.data1)
 *(.data .data.* .gnu.linkonce.d.*)
 .data          0x000000000080d0e0        0x0 C:/COMPSYS303/PaceMakerAssignment/Pacemaker/NiosII/software/pacemaker_bsp//obj/HAL/src/crt0.o
 .data          0x000000000080d0e0        0x0 obj/default/main.o
 .data          0x000000000080d0e0        0x0 obj/default/purec.o
 .data          0x000000000080d0e0        0x0 obj/default/sccharts.o
 .data          0x000000000080d0e0        0x0 c:/intelfpga_lite/18.1/nios2eds/bin/gnu/h-x86_64-mingw32/bin/../lib/gcc/nios2-elf/5.3.0\libgcc.a(adddf3.o)
 .data          0x000000000080d0e0        0x0 c:/intelfpga_lite/18.1/nios2eds/bin/gnu/h-x86_64-mingw32/bin/../lib/gcc/nios2-elf/5.3.0\libgcc.a(gedf2.o)
 .data          0x000000000080d0e0        0x0 c:/intelfpga_lite/18.1/nios2eds/bin/gnu/h-x86_64-mingw32/bin/../lib/gcc/nios2-elf/5.3.0\libgcc.a(ledf2.o)
 .data          0x000000000080d0e0        0x0 c:/intelfpga_lite/18.1/nios2eds/bin/gnu/h-x86_64-mingw32/bin/../lib/gcc/nios2-elf/5.3.0\libgcc.a(subdf3.o)
 .data          0x000000000080d0e0        0x0 c:/intelfpga_lite/18.1/nios2eds/bin/gnu/h-x86_64-mingw32/bin/../lib/gcc/nios2-elf/5.3.0\libgcc.a(floatsidf.o)
 .data          0x000000000080d0e0        0x0 c:/intelfpga_lite/18.1/nios2eds/bin/gnu/h-x86_64-mingw32/bin/../lib/gcc/nios2-elf/5.3.0\libgcc.a(_clzsi2.o)
 .data          0x000000000080d0e0        0x0 c:/intelfpga_lite/18.1/nios2eds/bin/gnu/h-x86_64-mingw32/bin/../lib/gcc/nios2-elf/5.3.0\libgcc.a(_clz.o)
 .data          0x000000000080d0e0        0x0 c:/intelfpga_lite/18.1/nios2eds/bin/gnu/h-x86_64-mingw32/bin/../lib/gcc/nios2-elf/5.3.0/../../../../../H-x86_64-mingw32/nios2-elf/lib\libc.a(lib_a-puts.o)
 .data          0x000000000080d0e0        0x0 c:/intelfpga_lite/18.1/nios2eds/bin/gnu/h-x86_64-mingw32/bin/../lib/gcc/nios2-elf/5.3.0/../../../../../H-x86_64-mingw32/nios2-elf/lib\libc.a(lib_a-strlen.o)
 .data          0x000000000080d0e0        0x0 c:/intelfpga_lite/18.1/nios2eds/bin/gnu/h-x86_64-mingw32/bin/../lib/gcc/nios2-elf/5.3.0/../../../../../H-x86_64-mingw32/nios2-elf/lib\libc.a(lib_a-findfp.o)
 .data          0x000000000080d0e0        0x0 c:/intelfpga_lite/18.1/nios2eds/bin/gnu/h-x86_64-mingw32/bin/../lib/gcc/nios2-elf/5.3.0/../../../../../H-x86_64-mingw32/nios2-elf/lib\libc.a(lib_a-fvwrite.o)
 .data          0x000000000080d0e0        0x0 c:/intelfpga_lite/18.1/nios2eds/bin/gnu/h-x86_64-mingw32/bin/../lib/gcc/nios2-elf/5.3.0/../../../../../H-x86_64-mingw32/nios2-elf/lib\libc.a(lib_a-fwalk.o)
 .data          0x000000000080d0e0        0x0 c:/intelfpga_lite/18.1/nios2eds/bin/gnu/h-x86_64-mingw32/bin/../lib/gcc/nios2-elf/5.3.0/../../../../../H-x86_64-mingw32/nios2-elf/lib\libc.a(lib_a-impure.o)
 .data.impure_data
                0x000000000080d0e0      0x424 c:/intelfpga_lite/18.1/nios2eds/bin/gnu/h-x86_64-mingw32/bin/../lib/gcc/nios2-elf/5.3.0/../../../../../H-x86_64-mingw32/nios2-elf/lib\libc.a(lib_a-impure.o)
 .data          0x000000000080d504        0x0 c:/intelfpga_lite/18.1/nios2eds/bin/gnu/h-x86_64-mingw32/bin/../lib/gcc/nios2-elf/5.3.0/../../../../../H-x86_64-mingw32/nios2-elf/lib\libc.a(lib_a-mallocr.o)
 .data.__malloc_av_
                0x000000000080d504      0x408 c:/intelfpga_lite/18.1/nios2eds/bin/gnu/h-x86_64-mingw32/bin/../lib/gcc/nios2-elf/5.3.0/../../../../../H-x86_64-mingw32/nios2-elf/lib\libc.a(lib_a-mallocr.o)
                0x000000000080d504                __malloc_av_
 .data          0x000000000080d90c        0x0 c:/intelfpga_lite/18.1/nios2eds/bin/gnu/h-x86_64-mingw32/bin/../lib/gcc/nios2-elf/5.3.0/../../../../../H-x86_64-mingw32/nios2-elf/lib\libc.a(lib_a-memchr.o)
 .data          0x000000000080d90c        0x0 c:/intelfpga_lite/18.1/nios2eds/bin/gnu/h-x86_64-mingw32/bin/../lib/gcc/nios2-elf/5.3.0/../../../../../H-x86_64-mingw32/nios2-elf/lib\libc.a(lib_a-memcpy.o)
 .data          0x000000000080d90c        0x0 c:/intelfpga_lite/18.1/nios2eds/bin/gnu/h-x86_64-mingw32/bin/../lib/gcc/nios2-elf/5.3.0/../../../../../H-x86_64-mingw32/nios2-elf/lib\libc.a(lib_a-memmove.o)
 .data          0x000000000080d90c        0x0 c:/intelfpga_lite/18.1/nios2eds/bin/gnu/h-x86_64-mingw32/bin/../lib/gcc/nios2-elf/5.3.0/../../../../../H-x86_64-mingw32/nios2-elf/lib\libc.a(lib_a-memset.o)
 .data          0x000000000080d90c        0x0 c:/intelfpga_lite/18.1/nios2eds/bin/gnu/h-x86_64-mingw32/bin/../lib/gcc/nios2-elf/5.3.0/../../../../../H-x86_64-mingw32/nios2-elf/lib\libc.a(lib_a-reallocr.o)
 .data          0x000000000080d90c        0x0 c:/intelfpga_lite/18.1/nios2eds/bin/gnu/h-x86_64-mingw32/bin/../lib/gcc/nios2-elf/5.3.0/../../../../../H-x86_64-mingw32/nios2-elf/lib\libc.a(lib_a-sbrkr.o)
 .data          0x000000000080d90c        0x0 c:/intelfpga_lite/18.1/nios2eds/bin/gnu/h-x86_64-mingw32/bin/../lib/gcc/nios2-elf/5.3.0/../../../../../H-x86_64-mingw32/nios2-elf/lib\libc.a(lib_a-stdio.o)
 .data          0x000000000080d90c        0x0 c:/intelfpga_lite/18.1/nios2eds/bin/gnu/h-x86_64-mingw32/bin/../lib/gcc/nios2-elf/5.3.0/../../../../../H-x86_64-mingw32/nios2-elf/lib\libc.a(lib_a-writer.o)
 .data          0x000000000080d90c        0x0 c:/intelfpga_lite/18.1/nios2eds/bin/gnu/h-x86_64-mingw32/bin/../lib/gcc/nios2-elf/5.3.0/../../../../../H-x86_64-mingw32/nios2-elf/lib\libc.a(lib_a-wsetup.o)
 .data          0x000000000080d90c        0x0 c:/intelfpga_lite/18.1/nios2eds/bin/gnu/h-x86_64-mingw32/bin/../lib/gcc/nios2-elf/5.3.0/../../../../../H-x86_64-mingw32/nios2-elf/lib\libc.a(closer.o)
 .data          0x000000000080d90c        0x0 c:/intelfpga_lite/18.1/nios2eds/bin/gnu/h-x86_64-mingw32/bin/../lib/gcc/nios2-elf/5.3.0/../../../../../H-x86_64-mingw32/nios2-elf/lib\libc.a(lib_a-fclose.o)
 .data          0x000000000080d90c        0x0 c:/intelfpga_lite/18.1/nios2eds/bin/gnu/h-x86_64-mingw32/bin/../lib/gcc/nios2-elf/5.3.0/../../../../../H-x86_64-mingw32/nios2-elf/lib\libc.a(lib_a-fflush.o)
 .data          0x000000000080d90c        0x0 c:/intelfpga_lite/18.1/nios2eds/bin/gnu/h-x86_64-mingw32/bin/../lib/gcc/nios2-elf/5.3.0/../../../../../H-x86_64-mingw32/nios2-elf/lib\libc.a(lib_a-freer.o)
 .data          0x000000000080d90c        0x0 c:/intelfpga_lite/18.1/nios2eds/bin/gnu/h-x86_64-mingw32/bin/../lib/gcc/nios2-elf/5.3.0/../../../../../H-x86_64-mingw32/nios2-elf/lib\libc.a(lib_a-int_errno.o)
 .data          0x000000000080d90c        0x0 c:/intelfpga_lite/18.1/nios2eds/bin/gnu/h-x86_64-mingw32/bin/../lib/gcc/nios2-elf/5.3.0/../../../../../H-x86_64-mingw32/nios2-elf/lib\libc.a(lib_a-lseekr.o)
 .data          0x000000000080d90c        0x0 c:/intelfpga_lite/18.1/nios2eds/bin/gnu/h-x86_64-mingw32/bin/../lib/gcc/nios2-elf/5.3.0/../../../../../H-x86_64-mingw32/nios2-elf/lib\libc.a(lib_a-makebuf.o)
 .data          0x000000000080d90c        0x0 c:/intelfpga_lite/18.1/nios2eds/bin/gnu/h-x86_64-mingw32/bin/../lib/gcc/nios2-elf/5.3.0/../../../../../H-x86_64-mingw32/nios2-elf/lib\libc.a(lib_a-readr.o)
 .data          0x000000000080d90c        0x0 c:/intelfpga_lite/18.1/nios2eds/bin/gnu/h-x86_64-mingw32/bin/../lib/gcc/nios2-elf/5.3.0/../../../../../H-x86_64-mingw32/nios2-elf/lib\libc.a(lib_a-fstatr.o)
 .data          0x000000000080d90c        0x0 c:/intelfpga_lite/18.1/nios2eds/bin/gnu/h-x86_64-mingw32/bin/../lib/gcc/nios2-elf/5.3.0/../../../../../H-x86_64-mingw32/nios2-elf/lib\libc.a(lib_a-isattyr.o)
 .data          0x000000000080d90c        0x0 c:/intelfpga_lite/18.1/nios2eds/bin/gnu/h-x86_64-mingw32/bin/../lib/gcc/nios2-elf/5.3.0\libgcc.a(lib2-divmod.o)
 .data          0x000000000080d90c        0x0 C:/COMPSYS303/PaceMakerAssignment/Pacemaker/NiosII/software/pacemaker_bsp/\libhal_bsp.a(alt_alarm_start.o)
 .data          0x000000000080d90c        0x0 C:/COMPSYS303/PaceMakerAssignment/Pacemaker/NiosII/software/pacemaker_bsp/\libhal_bsp.a(alt_close.o)
 .data          0x000000000080d90c      0x1a8 C:/COMPSYS303/PaceMakerAssignment/Pacemaker/NiosII/software/pacemaker_bsp/\libhal_bsp.a(alt_dev.o)
                0x000000000080d90c                alt_dev_null
                0x000000000080d934                alt_fd_list
 .data          0x000000000080dab4        0x0 C:/COMPSYS303/PaceMakerAssignment/Pacemaker/NiosII/software/pacemaker_bsp/\libhal_bsp.a(alt_errno.o)
 .data          0x000000000080dab4        0x0 C:/COMPSYS303/PaceMakerAssignment/Pacemaker/NiosII/software/pacemaker_bsp/\libhal_bsp.a(alt_fstat.o)
 .data          0x000000000080dab4        0x0 C:/COMPSYS303/PaceMakerAssignment/Pacemaker/NiosII/software/pacemaker_bsp/\libhal_bsp.a(alt_irq_register.o)
 .data          0x000000000080dab4        0x0 C:/COMPSYS303/PaceMakerAssignment/Pacemaker/NiosII/software/pacemaker_bsp/\libhal_bsp.a(alt_irq_vars.o)
 .data          0x000000000080dab4        0x0 C:/COMPSYS303/PaceMakerAssignment/Pacemaker/NiosII/software/pacemaker_bsp/\libhal_bsp.a(alt_isatty.o)
 .data          0x000000000080dab4        0x0 C:/COMPSYS303/PaceMakerAssignment/Pacemaker/NiosII/software/pacemaker_bsp/\libhal_bsp.a(alt_load.o)
 .data          0x000000000080dab4        0x0 C:/COMPSYS303/PaceMakerAssignment/Pacemaker/NiosII/software/pacemaker_bsp/\libhal_bsp.a(alt_lseek.o)
 .data          0x000000000080dab4        0x0 C:/COMPSYS303/PaceMakerAssignment/Pacemaker/NiosII/software/pacemaker_bsp/\libhal_bsp.a(alt_main.o)
 .data          0x000000000080dab4        0x0 C:/COMPSYS303/PaceMakerAssignment/Pacemaker/NiosII/software/pacemaker_bsp/\libhal_bsp.a(alt_malloc_lock.o)
 .data          0x000000000080dab4        0x0 C:/COMPSYS303/PaceMakerAssignment/Pacemaker/NiosII/software/pacemaker_bsp/\libhal_bsp.a(alt_read.o)
 .data          0x000000000080dab4        0x0 C:/COMPSYS303/PaceMakerAssignment/Pacemaker/NiosII/software/pacemaker_bsp/\libhal_bsp.a(alt_release_fd.o)
 .data          0x000000000080dab4        0x0 C:/COMPSYS303/PaceMakerAssignment/Pacemaker/NiosII/software/pacemaker_bsp/\libhal_bsp.a(alt_sbrk.o)
 .data          0x000000000080dab4        0x0 C:/COMPSYS303/PaceMakerAssignment/Pacemaker/NiosII/software/pacemaker_bsp/\libhal_bsp.a(alt_tick.o)
 .data          0x000000000080dab4        0x0 C:/COMPSYS303/PaceMakerAssignment/Pacemaker/NiosII/software/pacemaker_bsp/\libhal_bsp.a(alt_write.o)
 .data          0x000000000080dab4     0x1244 C:/COMPSYS303/PaceMakerAssignment/Pacemaker/NiosII/software/pacemaker_bsp/\libhal_bsp.a(alt_sys_init.o)
 .data          0x000000000080ecf8        0x0 C:/COMPSYS303/PaceMakerAssignment/Pacemaker/NiosII/software/pacemaker_bsp/\libhal_bsp.a(altera_avalon_jtag_uart_fd.o)
 .data          0x000000000080ecf8        0x0 C:/COMPSYS303/PaceMakerAssignment/Pacemaker/NiosII/software/pacemaker_bsp/\libhal_bsp.a(altera_avalon_jtag_uart_init.o)
 .data          0x000000000080ecf8        0x0 C:/COMPSYS303/PaceMakerAssignment/Pacemaker/NiosII/software/pacemaker_bsp/\libhal_bsp.a(altera_avalon_jtag_uart_ioctl.o)
 .data          0x000000000080ecf8        0x0 C:/COMPSYS303/PaceMakerAssignment/Pacemaker/NiosII/software/pacemaker_bsp/\libhal_bsp.a(altera_avalon_jtag_uart_read.o)
 .data          0x000000000080ecf8        0x0 C:/COMPSYS303/PaceMakerAssignment/Pacemaker/NiosII/software/pacemaker_bsp/\libhal_bsp.a(altera_avalon_jtag_uart_write.o)
 .data          0x000000000080ecf8        0x0 C:/COMPSYS303/PaceMakerAssignment/Pacemaker/NiosII/software/pacemaker_bsp/\libhal_bsp.a(altera_avalon_lcd_16207.o)
 .data          0x000000000080ecf8        0x0 C:/COMPSYS303/PaceMakerAssignment/Pacemaker/NiosII/software/pacemaker_bsp/\libhal_bsp.a(altera_avalon_lcd_16207_fd.o)
 .data          0x000000000080ecf8        0x0 C:/COMPSYS303/PaceMakerAssignment/Pacemaker/NiosII/software/pacemaker_bsp/\libhal_bsp.a(altera_avalon_timer_sc.o)
 .data          0x000000000080ecf8        0x0 C:/COMPSYS303/PaceMakerAssignment/Pacemaker/NiosII/software/pacemaker_bsp/\libhal_bsp.a(altera_avalon_uart_fd.o)
 .data          0x000000000080ecf8        0x0 C:/COMPSYS303/PaceMakerAssignment/Pacemaker/NiosII/software/pacemaker_bsp/\libhal_bsp.a(altera_avalon_uart_init.o)
 .data          0x000000000080ecf8        0x0 C:/COMPSYS303/PaceMakerAssignment/Pacemaker/NiosII/software/pacemaker_bsp/\libhal_bsp.a(altera_avalon_uart_read.o)
 .data          0x000000000080ecf8        0x0 C:/COMPSYS303/PaceMakerAssignment/Pacemaker/NiosII/software/pacemaker_bsp/\libhal_bsp.a(altera_avalon_uart_write.o)
 .data          0x000000000080ecf8        0x0 C:/COMPSYS303/PaceMakerAssignment/Pacemaker/NiosII/software/pacemaker_bsp/\libhal_bsp.a(alt_dcache_flush_all.o)
 .data          0x000000000080ecf8        0x0 C:/COMPSYS303/PaceMakerAssignment/Pacemaker/NiosII/software/pacemaker_bsp/\libhal_bsp.a(alt_dev_llist_insert.o)
 .data          0x000000000080ecf8        0x0 C:/COMPSYS303/PaceMakerAssignment/Pacemaker/NiosII/software/pacemaker_bsp/\libhal_bsp.a(alt_do_ctors.o)
 .data          0x000000000080ecf8        0x0 C:/COMPSYS303/PaceMakerAssignment/Pacemaker/NiosII/software/pacemaker_bsp/\libhal_bsp.a(alt_do_dtors.o)
 .data          0x000000000080ecf8        0x0 C:/COMPSYS303/PaceMakerAssignment/Pacemaker/NiosII/software/pacemaker_bsp/\libhal_bsp.a(alt_icache_flush_all.o)
 .data          0x000000000080ecf8        0x0 C:/COMPSYS303/PaceMakerAssignment/Pacemaker/NiosII/software/pacemaker_bsp/\libhal_bsp.a(alt_iic.o)
 .data          0x000000000080ecf8        0x0 C:/COMPSYS303/PaceMakerAssignment/Pacemaker/NiosII/software/pacemaker_bsp/\libhal_bsp.a(alt_iic_isr_register.o)
 .data          0x000000000080ecf8        0x0 C:/COMPSYS303/PaceMakerAssignment/Pacemaker/NiosII/software/pacemaker_bsp/\libhal_bsp.a(alt_io_redirect.o)
 .data          0x000000000080ecf8        0x0 C:/COMPSYS303/PaceMakerAssignment/Pacemaker/NiosII/software/pacemaker_bsp/\libhal_bsp.a(alt_irq_entry.o)
 .data          0x000000000080ecf8        0x0 C:/COMPSYS303/PaceMakerAssignment/Pacemaker/NiosII/software/pacemaker_bsp/\libhal_bsp.a(alt_irq_handler.o)
 .data          0x000000000080ecf8        0x0 C:/COMPSYS303/PaceMakerAssignment/Pacemaker/NiosII/software/pacemaker_bsp/\libhal_bsp.a(alt_open.o)
 .data          0x000000000080ecf8        0x0 C:/COMPSYS303/PaceMakerAssignment/Pacemaker/NiosII/software/pacemaker_bsp/\libhal_bsp.a(alt_usleep.o)
 .data          0x000000000080ecf8        0x0 C:/COMPSYS303/PaceMakerAssignment/Pacemaker/NiosII/software/pacemaker_bsp/\libhal_bsp.a(altera_nios2_gen2_irq.o)
 .data          0x000000000080ecf8        0x0 C:/COMPSYS303/PaceMakerAssignment/Pacemaker/NiosII/software/pacemaker_bsp/\libhal_bsp.a(alt_busy_sleep.o)
 .data          0x000000000080ecf8        0x0 C:/COMPSYS303/PaceMakerAssignment/Pacemaker/NiosII/software/pacemaker_bsp/\libhal_bsp.a(alt_exception_entry.o)
 .data          0x000000000080ecf8        0x0 C:/COMPSYS303/PaceMakerAssignment/Pacemaker/NiosII/software/pacemaker_bsp/\libhal_bsp.a(alt_find_dev.o)
 .data          0x000000000080ecf8        0x0 C:/COMPSYS303/PaceMakerAssignment/Pacemaker/NiosII/software/pacemaker_bsp/\libhal_bsp.a(alt_find_file.o)
 .data          0x000000000080ecf8        0x0 C:/COMPSYS303/PaceMakerAssignment/Pacemaker/NiosII/software/pacemaker_bsp/\libhal_bsp.a(alt_get_fd.o)
 .data          0x000000000080ecf8        0x0 C:/COMPSYS303/PaceMakerAssignment/Pacemaker/NiosII/software/pacemaker_bsp/\libhal_bsp.a(alt_icache_flush.o)
 .data          0x000000000080ecf8        0x0 C:/COMPSYS303/PaceMakerAssignment/Pacemaker/NiosII/software/pacemaker_bsp/\libhal_bsp.a(alt_instruction_exception_entry.o)
 .data          0x000000000080ecf8        0x0 c:/intelfpga_lite/18.1/nios2eds/bin/gnu/h-x86_64-mingw32/bin/../lib/gcc/nios2-elf/5.3.0/../../../../../H-x86_64-mingw32/nios2-elf/lib\libc.a(lib_a-atexit.o)
 .data          0x000000000080ecf8        0x0 c:/intelfpga_lite/18.1/nios2eds/bin/gnu/h-x86_64-mingw32/bin/../lib/gcc/nios2-elf/5.3.0/../../../../../H-x86_64-mingw32/nios2-elf/lib\libc.a(lib_a-ctype_.o)
 .data          0x000000000080ecf8        0x0 c:/intelfpga_lite/18.1/nios2eds/bin/gnu/h-x86_64-mingw32/bin/../lib/gcc/nios2-elf/5.3.0/../../../../../H-x86_64-mingw32/nios2-elf/lib\libc.a(lib_a-exit.o)
 .data          0x000000000080ecf8        0x0 c:/intelfpga_lite/18.1/nios2eds/bin/gnu/h-x86_64-mingw32/bin/../lib/gcc/nios2-elf/5.3.0/../../../../../H-x86_64-mingw32/nios2-elf/lib\libc.a(lib_a-memcmp.o)
 .data          0x000000000080ecf8        0x0 c:/intelfpga_lite/18.1/nios2eds/bin/gnu/h-x86_64-mingw32/bin/../lib/gcc/nios2-elf/5.3.0/../../../../../H-x86_64-mingw32/nios2-elf/lib\libc.a(lib_a-__atexit.o)
 .data          0x000000000080ecf8        0x0 c:/intelfpga_lite/18.1/nios2eds/bin/gnu/h-x86_64-mingw32/bin/../lib/gcc/nios2-elf/5.3.0/../../../../../H-x86_64-mingw32/nios2-elf/lib\libc.a(lib_a-__call_atexit.o)
 .data          0x000000000080ecf8        0x0 C:/COMPSYS303/PaceMakerAssignment/Pacemaker/NiosII/software/pacemaker_bsp/\libhal_bsp.a(alt_exit.o)
                0x0000000000816cf8                _gp = ABSOLUTE ((. + 0x8000))
                [!provide]                        PROVIDE (gp, _gp)
 *(.rwdata .rwdata.*)
 *(.sdata .sdata.* .gnu.linkonce.s.*)
 .sdata         0x000000000080ecf8        0x4 obj/default/main.o
 .sdata         0x000000000080ecfc       0x1c obj/default/purec.o
                0x000000000080ecfc                StartSensingAS
                0x000000000080ecfd                StartSensingVS
                0x000000000080ed00                AVIContext
                0x000000000080ed04                PVARPContext
                0x000000000080ed08                VRPContext
                0x000000000080ed0c                AEIContext
                0x000000000080ed10                LRIContext
                0x000000000080ed14                URIContext
 .sdata._global_impure_ptr
                0x000000000080ed18        0x4 c:/intelfpga_lite/18.1/nios2eds/bin/gnu/h-x86_64-mingw32/bin/../lib/gcc/nios2-elf/5.3.0/../../../../../H-x86_64-mingw32/nios2-elf/lib\libc.a(lib_a-impure.o)
                0x000000000080ed18                _global_impure_ptr
 .sdata._impure_ptr
                0x000000000080ed1c        0x4 c:/intelfpga_lite/18.1/nios2eds/bin/gnu/h-x86_64-mingw32/bin/../lib/gcc/nios2-elf/5.3.0/../../../../../H-x86_64-mingw32/nios2-elf/lib\libc.a(lib_a-impure.o)
                0x000000000080ed1c                _impure_ptr
 .sdata.__malloc_sbrk_base
                0x000000000080ed20        0x4 c:/intelfpga_lite/18.1/nios2eds/bin/gnu/h-x86_64-mingw32/bin/../lib/gcc/nios2-elf/5.3.0/../../../../../H-x86_64-mingw32/nios2-elf/lib\libc.a(lib_a-mallocr.o)
                0x000000000080ed20                __malloc_sbrk_base
 .sdata.__malloc_trim_threshold
                0x000000000080ed24        0x4 c:/intelfpga_lite/18.1/nios2eds/bin/gnu/h-x86_64-mingw32/bin/../lib/gcc/nios2-elf/5.3.0/../../../../../H-x86_64-mingw32/nios2-elf/lib\libc.a(lib_a-mallocr.o)
                0x000000000080ed24                __malloc_trim_threshold
 .sdata         0x000000000080ed28       0x14 C:/COMPSYS303/PaceMakerAssignment/Pacemaker/NiosII/software/pacemaker_bsp/\libhal_bsp.a(alt_dev.o)
                0x000000000080ed28                alt_fs_list
                0x000000000080ed30                alt_dev_list
                0x000000000080ed38                alt_max_fd
 .sdata         0x000000000080ed3c        0x4 C:/COMPSYS303/PaceMakerAssignment/Pacemaker/NiosII/software/pacemaker_bsp/\libhal_bsp.a(alt_errno.o)
                0x000000000080ed3c                alt_errno
 .sdata         0x000000000080ed40        0x4 C:/COMPSYS303/PaceMakerAssignment/Pacemaker/NiosII/software/pacemaker_bsp/\libhal_bsp.a(alt_irq_vars.o)
                0x000000000080ed40                alt_priority_mask
 .sdata         0x000000000080ed44        0x4 C:/COMPSYS303/PaceMakerAssignment/Pacemaker/NiosII/software/pacemaker_bsp/\libhal_bsp.a(alt_sbrk.o)
 .sdata         0x000000000080ed48        0x8 C:/COMPSYS303/PaceMakerAssignment/Pacemaker/NiosII/software/pacemaker_bsp/\libhal_bsp.a(alt_tick.o)
                0x000000000080ed48                alt_alarm_list
 .sdata         0x000000000080ed50        0x4 C:/COMPSYS303/PaceMakerAssignment/Pacemaker/NiosII/software/pacemaker_bsp/\libhal_bsp.a(altera_avalon_lcd_16207.o)
 .sdata.__ctype_ptr__
                0x000000000080ed54        0x4 c:/intelfpga_lite/18.1/nios2eds/bin/gnu/h-x86_64-mingw32/bin/../lib/gcc/nios2-elf/5.3.0/../../../../../H-x86_64-mingw32/nios2-elf/lib\libc.a(lib_a-ctype_.o)
                0x000000000080ed54                __ctype_ptr__
 *(.sdata2 .sdata2.* .gnu.linkonce.s2.*)
                0x000000000080ed58                . = ALIGN (0x4)
                0x000000000080ed58                _edata = ABSOLUTE (.)
                [!provide]                        PROVIDE (edata, ABSOLUTE (.))
                0x000000000080ed58                PROVIDE (__ram_rwdata_end, ABSOLUTE (.))
                0x000000000080ed58                PROVIDE (__flash_rwdata_start, LOADADDR (.rwdata))

.bss            0x00000000008109d0      0x348
                0x00000000008109d0                __bss_start = ABSOLUTE (.)
                [!provide]                        PROVIDE (__sbss_start, ABSOLUTE (.))
                [!provide]                        PROVIDE (___sbss_start, ABSOLUTE (.))
 *(.dynsbss)
 *(.sbss .sbss.* .gnu.linkonce.sb.*)
 .sbss          0x00000000008109d0       0x18 obj/default/main.o
                0x00000000008109d8                asr
                0x00000000008109dc                vsr
 .sbss          0x00000000008109e8        0x4 obj/default/main.o
                0x00000000008109e8                VS
                0x00000000008109e9                VP
                0x00000000008109ea                AS
                0x00000000008109eb                AP
 .sbss          0x00000000008109ec       0x2c obj/default/purec.o
                0x0000000000810a14                currentState
 .sbss.__malloc_max_total_mem
                0x0000000000810a18        0x4 c:/intelfpga_lite/18.1/nios2eds/bin/gnu/h-x86_64-mingw32/bin/../lib/gcc/nios2-elf/5.3.0/../../../../../H-x86_64-mingw32/nios2-elf/lib\libc.a(lib_a-mallocr.o)
                0x0000000000810a18                __malloc_max_total_mem
 .sbss.__malloc_max_sbrked_mem
                0x0000000000810a1c        0x4 c:/intelfpga_lite/18.1/nios2eds/bin/gnu/h-x86_64-mingw32/bin/../lib/gcc/nios2-elf/5.3.0/../../../../../H-x86_64-mingw32/nios2-elf/lib\libc.a(lib_a-mallocr.o)
                0x0000000000810a1c                __malloc_max_sbrked_mem
 .sbss.__malloc_top_pad
                0x0000000000810a20        0x4 c:/intelfpga_lite/18.1/nios2eds/bin/gnu/h-x86_64-mingw32/bin/../lib/gcc/nios2-elf/5.3.0/../../../../../H-x86_64-mingw32/nios2-elf/lib\libc.a(lib_a-mallocr.o)
                0x0000000000810a20                __malloc_top_pad
 .sbss          0x0000000000810a24        0x4 c:/intelfpga_lite/18.1/nios2eds/bin/gnu/h-x86_64-mingw32/bin/../lib/gcc/nios2-elf/5.3.0/../../../../../H-x86_64-mingw32/nios2-elf/lib\libc.a(lib_a-int_errno.o)
                0x0000000000810a24                errno
 .sbss          0x0000000000810a28        0x4 C:/COMPSYS303/PaceMakerAssignment/Pacemaker/NiosII/software/pacemaker_bsp/\libhal_bsp.a(alt_irq_vars.o)
                0x0000000000810a28                alt_irq_active
 .sbss          0x0000000000810a2c        0xc C:/COMPSYS303/PaceMakerAssignment/Pacemaker/NiosII/software/pacemaker_bsp/\libhal_bsp.a(alt_main.o)
                0x0000000000810a2c                alt_argc
                0x0000000000810a30                alt_argv
                0x0000000000810a34                alt_envp
 .sbss          0x0000000000810a38        0x8 C:/COMPSYS303/PaceMakerAssignment/Pacemaker/NiosII/software/pacemaker_bsp/\libhal_bsp.a(alt_tick.o)
                0x0000000000810a38                _alt_tick_rate
                0x0000000000810a3c                _alt_nticks
 .sbss          0x0000000000810a40        0x4 C:/COMPSYS303/PaceMakerAssignment/Pacemaker/NiosII/software/pacemaker_bsp/\libhal_bsp.a(alt_instruction_exception_entry.o)
                0x0000000000810a40                alt_instruction_exception_handler
 *(.sbss2 .sbss2.* .gnu.linkonce.sb2.*)
 *(.scommon)
                [!provide]                        PROVIDE (__sbss_end, ABSOLUTE (.))
                [!provide]                        PROVIDE (___sbss_end, ABSOLUTE (.))
 *(.dynbss)
 *(.bss .bss.* .gnu.linkonce.b.*)
 .bss           0x0000000000810a44        0x0 C:/COMPSYS303/PaceMakerAssignment/Pacemaker/NiosII/software/pacemaker_bsp//obj/HAL/src/crt0.o
 .bss           0x0000000000810a44      0x11c obj/default/main.o
 .bss           0x0000000000810b60        0x0 obj/default/purec.o
 .bss           0x0000000000810b60        0x0 obj/default/sccharts.o
 .bss           0x0000000000810b60        0x0 c:/intelfpga_lite/18.1/nios2eds/bin/gnu/h-x86_64-mingw32/bin/../lib/gcc/nios2-elf/5.3.0\libgcc.a(adddf3.o)
 .bss           0x0000000000810b60        0x0 c:/intelfpga_lite/18.1/nios2eds/bin/gnu/h-x86_64-mingw32/bin/../lib/gcc/nios2-elf/5.3.0\libgcc.a(gedf2.o)
 .bss           0x0000000000810b60        0x0 c:/intelfpga_lite/18.1/nios2eds/bin/gnu/h-x86_64-mingw32/bin/../lib/gcc/nios2-elf/5.3.0\libgcc.a(ledf2.o)
 .bss           0x0000000000810b60        0x0 c:/intelfpga_lite/18.1/nios2eds/bin/gnu/h-x86_64-mingw32/bin/../lib/gcc/nios2-elf/5.3.0\libgcc.a(subdf3.o)
 .bss           0x0000000000810b60        0x0 c:/intelfpga_lite/18.1/nios2eds/bin/gnu/h-x86_64-mingw32/bin/../lib/gcc/nios2-elf/5.3.0\libgcc.a(floatsidf.o)
 .bss           0x0000000000810b60        0x0 c:/intelfpga_lite/18.1/nios2eds/bin/gnu/h-x86_64-mingw32/bin/../lib/gcc/nios2-elf/5.3.0\libgcc.a(_clzsi2.o)
 .bss           0x0000000000810b60        0x0 c:/intelfpga_lite/18.1/nios2eds/bin/gnu/h-x86_64-mingw32/bin/../lib/gcc/nios2-elf/5.3.0\libgcc.a(_clz.o)
 .bss           0x0000000000810b60        0x0 c:/intelfpga_lite/18.1/nios2eds/bin/gnu/h-x86_64-mingw32/bin/../lib/gcc/nios2-elf/5.3.0/../../../../../H-x86_64-mingw32/nios2-elf/lib\libc.a(lib_a-puts.o)
 .bss           0x0000000000810b60        0x0 c:/intelfpga_lite/18.1/nios2eds/bin/gnu/h-x86_64-mingw32/bin/../lib/gcc/nios2-elf/5.3.0/../../../../../H-x86_64-mingw32/nios2-elf/lib\libc.a(lib_a-strlen.o)
 .bss           0x0000000000810b60        0x0 c:/intelfpga_lite/18.1/nios2eds/bin/gnu/h-x86_64-mingw32/bin/../lib/gcc/nios2-elf/5.3.0/../../../../../H-x86_64-mingw32/nios2-elf/lib\libc.a(lib_a-findfp.o)
 .bss           0x0000000000810b60        0x0 c:/intelfpga_lite/18.1/nios2eds/bin/gnu/h-x86_64-mingw32/bin/../lib/gcc/nios2-elf/5.3.0/../../../../../H-x86_64-mingw32/nios2-elf/lib\libc.a(lib_a-fvwrite.o)
 .bss           0x0000000000810b60        0x0 c:/intelfpga_lite/18.1/nios2eds/bin/gnu/h-x86_64-mingw32/bin/../lib/gcc/nios2-elf/5.3.0/../../../../../H-x86_64-mingw32/nios2-elf/lib\libc.a(lib_a-fwalk.o)
 .bss           0x0000000000810b60        0x0 c:/intelfpga_lite/18.1/nios2eds/bin/gnu/h-x86_64-mingw32/bin/../lib/gcc/nios2-elf/5.3.0/../../../../../H-x86_64-mingw32/nios2-elf/lib\libc.a(lib_a-impure.o)
 .bss           0x0000000000810b60        0x0 c:/intelfpga_lite/18.1/nios2eds/bin/gnu/h-x86_64-mingw32/bin/../lib/gcc/nios2-elf/5.3.0/../../../../../H-x86_64-mingw32/nios2-elf/lib\libc.a(lib_a-mallocr.o)
 .bss.__malloc_current_mallinfo
                0x0000000000810b60       0x28 c:/intelfpga_lite/18.1/nios2eds/bin/gnu/h-x86_64-mingw32/bin/../lib/gcc/nios2-elf/5.3.0/../../../../../H-x86_64-mingw32/nios2-elf/lib\libc.a(lib_a-mallocr.o)
                0x0000000000810b60                __malloc_current_mallinfo
 .bss           0x0000000000810b88        0x0 c:/intelfpga_lite/18.1/nios2eds/bin/gnu/h-x86_64-mingw32/bin/../lib/gcc/nios2-elf/5.3.0/../../../../../H-x86_64-mingw32/nios2-elf/lib\libc.a(lib_a-memchr.o)
 .bss           0x0000000000810b88        0x0 c:/intelfpga_lite/18.1/nios2eds/bin/gnu/h-x86_64-mingw32/bin/../lib/gcc/nios2-elf/5.3.0/../../../../../H-x86_64-mingw32/nios2-elf/lib\libc.a(lib_a-memcpy.o)
 .bss           0x0000000000810b88        0x0 c:/intelfpga_lite/18.1/nios2eds/bin/gnu/h-x86_64-mingw32/bin/../lib/gcc/nios2-elf/5.3.0/../../../../../H-x86_64-mingw32/nios2-elf/lib\libc.a(lib_a-memmove.o)
 .bss           0x0000000000810b88        0x0 c:/intelfpga_lite/18.1/nios2eds/bin/gnu/h-x86_64-mingw32/bin/../lib/gcc/nios2-elf/5.3.0/../../../../../H-x86_64-mingw32/nios2-elf/lib\libc.a(lib_a-memset.o)
 .bss           0x0000000000810b88        0x0 c:/intelfpga_lite/18.1/nios2eds/bin/gnu/h-x86_64-mingw32/bin/../lib/gcc/nios2-elf/5.3.0/../../../../../H-x86_64-mingw32/nios2-elf/lib\libc.a(lib_a-reallocr.o)
 .bss           0x0000000000810b88        0x0 c:/intelfpga_lite/18.1/nios2eds/bin/gnu/h-x86_64-mingw32/bin/../lib/gcc/nios2-elf/5.3.0/../../../../../H-x86_64-mingw32/nios2-elf/lib\libc.a(lib_a-sbrkr.o)
 .bss           0x0000000000810b88        0x0 c:/intelfpga_lite/18.1/nios2eds/bin/gnu/h-x86_64-mingw32/bin/../lib/gcc/nios2-elf/5.3.0/../../../../../H-x86_64-mingw32/nios2-elf/lib\libc.a(lib_a-stdio.o)
 .bss           0x0000000000810b88        0x0 c:/intelfpga_lite/18.1/nios2eds/bin/gnu/h-x86_64-mingw32/bin/../lib/gcc/nios2-elf/5.3.0/../../../../../H-x86_64-mingw32/nios2-elf/lib\libc.a(lib_a-writer.o)
 .bss           0x0000000000810b88        0x0 c:/intelfpga_lite/18.1/nios2eds/bin/gnu/h-x86_64-mingw32/bin/../lib/gcc/nios2-elf/5.3.0/../../../../../H-x86_64-mingw32/nios2-elf/lib\libc.a(lib_a-wsetup.o)
 .bss           0x0000000000810b88        0x0 c:/intelfpga_lite/18.1/nios2eds/bin/gnu/h-x86_64-mingw32/bin/../lib/gcc/nios2-elf/5.3.0/../../../../../H-x86_64-mingw32/nios2-elf/lib\libc.a(closer.o)
 .bss           0x0000000000810b88        0x0 c:/intelfpga_lite/18.1/nios2eds/bin/gnu/h-x86_64-mingw32/bin/../lib/gcc/nios2-elf/5.3.0/../../../../../H-x86_64-mingw32/nios2-elf/lib\libc.a(lib_a-fclose.o)
 .bss           0x0000000000810b88        0x0 c:/intelfpga_lite/18.1/nios2eds/bin/gnu/h-x86_64-mingw32/bin/../lib/gcc/nios2-elf/5.3.0/../../../../../H-x86_64-mingw32/nios2-elf/lib\libc.a(lib_a-fflush.o)
 .bss           0x0000000000810b88        0x0 c:/intelfpga_lite/18.1/nios2eds/bin/gnu/h-x86_64-mingw32/bin/../lib/gcc/nios2-elf/5.3.0/../../../../../H-x86_64-mingw32/nios2-elf/lib\libc.a(lib_a-freer.o)
 .bss           0x0000000000810b88        0x0 c:/intelfpga_lite/18.1/nios2eds/bin/gnu/h-x86_64-mingw32/bin/../lib/gcc/nios2-elf/5.3.0/../../../../../H-x86_64-mingw32/nios2-elf/lib\libc.a(lib_a-int_errno.o)
 .bss           0x0000000000810b88        0x0 c:/intelfpga_lite/18.1/nios2eds/bin/gnu/h-x86_64-mingw32/bin/../lib/gcc/nios2-elf/5.3.0/../../../../../H-x86_64-mingw32/nios2-elf/lib\libc.a(lib_a-lseekr.o)
 .bss           0x0000000000810b88        0x0 c:/intelfpga_lite/18.1/nios2eds/bin/gnu/h-x86_64-mingw32/bin/../lib/gcc/nios2-elf/5.3.0/../../../../../H-x86_64-mingw32/nios2-elf/lib\libc.a(lib_a-makebuf.o)
 .bss           0x0000000000810b88        0x0 c:/intelfpga_lite/18.1/nios2eds/bin/gnu/h-x86_64-mingw32/bin/../lib/gcc/nios2-elf/5.3.0/../../../../../H-x86_64-mingw32/nios2-elf/lib\libc.a(lib_a-readr.o)
 .bss           0x0000000000810b88        0x0 c:/intelfpga_lite/18.1/nios2eds/bin/gnu/h-x86_64-mingw32/bin/../lib/gcc/nios2-elf/5.3.0/../../../../../H-x86_64-mingw32/nios2-elf/lib\libc.a(lib_a-fstatr.o)
 .bss           0x0000000000810b88        0x0 c:/intelfpga_lite/18.1/nios2eds/bin/gnu/h-x86_64-mingw32/bin/../lib/gcc/nios2-elf/5.3.0/../../../../../H-x86_64-mingw32/nios2-elf/lib\libc.a(lib_a-isattyr.o)
 .bss           0x0000000000810b88        0x0 c:/intelfpga_lite/18.1/nios2eds/bin/gnu/h-x86_64-mingw32/bin/../lib/gcc/nios2-elf/5.3.0\libgcc.a(lib2-divmod.o)
 .bss           0x0000000000810b88        0x0 C:/COMPSYS303/PaceMakerAssignment/Pacemaker/NiosII/software/pacemaker_bsp/\libhal_bsp.a(alt_alarm_start.o)
 .bss           0x0000000000810b88        0x0 C:/COMPSYS303/PaceMakerAssignment/Pacemaker/NiosII/software/pacemaker_bsp/\libhal_bsp.a(alt_close.o)
 .bss           0x0000000000810b88        0x0 C:/COMPSYS303/PaceMakerAssignment/Pacemaker/NiosII/software/pacemaker_bsp/\libhal_bsp.a(alt_dev.o)
 .bss           0x0000000000810b88        0x0 C:/COMPSYS303/PaceMakerAssignment/Pacemaker/NiosII/software/pacemaker_bsp/\libhal_bsp.a(alt_errno.o)
 .bss           0x0000000000810b88        0x0 C:/COMPSYS303/PaceMakerAssignment/Pacemaker/NiosII/software/pacemaker_bsp/\libhal_bsp.a(alt_fstat.o)
 .bss           0x0000000000810b88        0x0 C:/COMPSYS303/PaceMakerAssignment/Pacemaker/NiosII/software/pacemaker_bsp/\libhal_bsp.a(alt_irq_register.o)
 .bss           0x0000000000810b88        0x0 C:/COMPSYS303/PaceMakerAssignment/Pacemaker/NiosII/software/pacemaker_bsp/\libhal_bsp.a(alt_irq_vars.o)
 .bss           0x0000000000810b88        0x0 C:/COMPSYS303/PaceMakerAssignment/Pacemaker/NiosII/software/pacemaker_bsp/\libhal_bsp.a(alt_isatty.o)
 .bss           0x0000000000810b88        0x0 C:/COMPSYS303/PaceMakerAssignment/Pacemaker/NiosII/software/pacemaker_bsp/\libhal_bsp.a(alt_load.o)
 .bss           0x0000000000810b88        0x0 C:/COMPSYS303/PaceMakerAssignment/Pacemaker/NiosII/software/pacemaker_bsp/\libhal_bsp.a(alt_lseek.o)
 .bss           0x0000000000810b88        0x0 C:/COMPSYS303/PaceMakerAssignment/Pacemaker/NiosII/software/pacemaker_bsp/\libhal_bsp.a(alt_main.o)
 .bss           0x0000000000810b88        0x0 C:/COMPSYS303/PaceMakerAssignment/Pacemaker/NiosII/software/pacemaker_bsp/\libhal_bsp.a(alt_malloc_lock.o)
 .bss           0x0000000000810b88        0x0 C:/COMPSYS303/PaceMakerAssignment/Pacemaker/NiosII/software/pacemaker_bsp/\libhal_bsp.a(alt_read.o)
 .bss           0x0000000000810b88        0x0 C:/COMPSYS303/PaceMakerAssignment/Pacemaker/NiosII/software/pacemaker_bsp/\libhal_bsp.a(alt_release_fd.o)
 .bss           0x0000000000810b88        0x0 C:/COMPSYS303/PaceMakerAssignment/Pacemaker/NiosII/software/pacemaker_bsp/\libhal_bsp.a(alt_sbrk.o)
 .bss           0x0000000000810b88        0x0 C:/COMPSYS303/PaceMakerAssignment/Pacemaker/NiosII/software/pacemaker_bsp/\libhal_bsp.a(alt_tick.o)
 .bss           0x0000000000810b88        0x0 C:/COMPSYS303/PaceMakerAssignment/Pacemaker/NiosII/software/pacemaker_bsp/\libhal_bsp.a(alt_write.o)
 .bss           0x0000000000810b88        0x0 C:/COMPSYS303/PaceMakerAssignment/Pacemaker/NiosII/software/pacemaker_bsp/\libhal_bsp.a(alt_sys_init.o)
 .bss           0x0000000000810b88        0x0 C:/COMPSYS303/PaceMakerAssignment/Pacemaker/NiosII/software/pacemaker_bsp/\libhal_bsp.a(altera_avalon_jtag_uart_fd.o)
 .bss           0x0000000000810b88        0x0 C:/COMPSYS303/PaceMakerAssignment/Pacemaker/NiosII/software/pacemaker_bsp/\libhal_bsp.a(altera_avalon_jtag_uart_init.o)
 .bss           0x0000000000810b88        0x0 C:/COMPSYS303/PaceMakerAssignment/Pacemaker/NiosII/software/pacemaker_bsp/\libhal_bsp.a(altera_avalon_jtag_uart_ioctl.o)
 .bss           0x0000000000810b88        0x0 C:/COMPSYS303/PaceMakerAssignment/Pacemaker/NiosII/software/pacemaker_bsp/\libhal_bsp.a(altera_avalon_jtag_uart_read.o)
 .bss           0x0000000000810b88        0x0 C:/COMPSYS303/PaceMakerAssignment/Pacemaker/NiosII/software/pacemaker_bsp/\libhal_bsp.a(altera_avalon_jtag_uart_write.o)
 .bss           0x0000000000810b88        0x0 C:/COMPSYS303/PaceMakerAssignment/Pacemaker/NiosII/software/pacemaker_bsp/\libhal_bsp.a(altera_avalon_lcd_16207.o)
 .bss           0x0000000000810b88        0x0 C:/COMPSYS303/PaceMakerAssignment/Pacemaker/NiosII/software/pacemaker_bsp/\libhal_bsp.a(altera_avalon_lcd_16207_fd.o)
 .bss           0x0000000000810b88        0x0 C:/COMPSYS303/PaceMakerAssignment/Pacemaker/NiosII/software/pacemaker_bsp/\libhal_bsp.a(altera_avalon_timer_sc.o)
 .bss           0x0000000000810b88        0x0 C:/COMPSYS303/PaceMakerAssignment/Pacemaker/NiosII/software/pacemaker_bsp/\libhal_bsp.a(altera_avalon_uart_fd.o)
 .bss           0x0000000000810b88        0x0 C:/COMPSYS303/PaceMakerAssignment/Pacemaker/NiosII/software/pacemaker_bsp/\libhal_bsp.a(altera_avalon_uart_init.o)
 .bss           0x0000000000810b88        0x0 C:/COMPSYS303/PaceMakerAssignment/Pacemaker/NiosII/software/pacemaker_bsp/\libhal_bsp.a(altera_avalon_uart_read.o)
 .bss           0x0000000000810b88        0x0 C:/COMPSYS303/PaceMakerAssignment/Pacemaker/NiosII/software/pacemaker_bsp/\libhal_bsp.a(altera_avalon_uart_write.o)
 .bss           0x0000000000810b88        0x0 C:/COMPSYS303/PaceMakerAssignment/Pacemaker/NiosII/software/pacemaker_bsp/\libhal_bsp.a(alt_dcache_flush_all.o)
 .bss           0x0000000000810b88        0x0 C:/COMPSYS303/PaceMakerAssignment/Pacemaker/NiosII/software/pacemaker_bsp/\libhal_bsp.a(alt_dev_llist_insert.o)
 .bss           0x0000000000810b88        0x0 C:/COMPSYS303/PaceMakerAssignment/Pacemaker/NiosII/software/pacemaker_bsp/\libhal_bsp.a(alt_do_ctors.o)
 .bss           0x0000000000810b88        0x0 C:/COMPSYS303/PaceMakerAssignment/Pacemaker/NiosII/software/pacemaker_bsp/\libhal_bsp.a(alt_do_dtors.o)
 .bss           0x0000000000810b88        0x0 C:/COMPSYS303/PaceMakerAssignment/Pacemaker/NiosII/software/pacemaker_bsp/\libhal_bsp.a(alt_icache_flush_all.o)
 .bss           0x0000000000810b88        0x0 C:/COMPSYS303/PaceMakerAssignment/Pacemaker/NiosII/software/pacemaker_bsp/\libhal_bsp.a(alt_iic.o)
 .bss           0x0000000000810b88        0x0 C:/COMPSYS303/PaceMakerAssignment/Pacemaker/NiosII/software/pacemaker_bsp/\libhal_bsp.a(alt_iic_isr_register.o)
 .bss           0x0000000000810b88        0x0 C:/COMPSYS303/PaceMakerAssignment/Pacemaker/NiosII/software/pacemaker_bsp/\libhal_bsp.a(alt_io_redirect.o)
 .bss           0x0000000000810b88        0x0 C:/COMPSYS303/PaceMakerAssignment/Pacemaker/NiosII/software/pacemaker_bsp/\libhal_bsp.a(alt_irq_entry.o)
 .bss           0x0000000000810b88        0x0 C:/COMPSYS303/PaceMakerAssignment/Pacemaker/NiosII/software/pacemaker_bsp/\libhal_bsp.a(alt_irq_handler.o)
 .bss           0x0000000000810b88        0x0 C:/COMPSYS303/PaceMakerAssignment/Pacemaker/NiosII/software/pacemaker_bsp/\libhal_bsp.a(alt_open.o)
 .bss           0x0000000000810b88        0x0 C:/COMPSYS303/PaceMakerAssignment/Pacemaker/NiosII/software/pacemaker_bsp/\libhal_bsp.a(alt_usleep.o)
 .bss           0x0000000000810b88        0x0 C:/COMPSYS303/PaceMakerAssignment/Pacemaker/NiosII/software/pacemaker_bsp/\libhal_bsp.a(altera_nios2_gen2_irq.o)
 .bss           0x0000000000810b88        0x0 C:/COMPSYS303/PaceMakerAssignment/Pacemaker/NiosII/software/pacemaker_bsp/\libhal_bsp.a(alt_busy_sleep.o)
 .bss           0x0000000000810b88        0x0 C:/COMPSYS303/PaceMakerAssignment/Pacemaker/NiosII/software/pacemaker_bsp/\libhal_bsp.a(alt_exception_entry.o)
 .bss           0x0000000000810b88        0x0 C:/COMPSYS303/PaceMakerAssignment/Pacemaker/NiosII/software/pacemaker_bsp/\libhal_bsp.a(alt_find_dev.o)
 .bss           0x0000000000810b88        0x0 C:/COMPSYS303/PaceMakerAssignment/Pacemaker/NiosII/software/pacemaker_bsp/\libhal_bsp.a(alt_find_file.o)
 .bss           0x0000000000810b88        0x0 C:/COMPSYS303/PaceMakerAssignment/Pacemaker/NiosII/software/pacemaker_bsp/\libhal_bsp.a(alt_get_fd.o)
 .bss           0x0000000000810b88        0x0 C:/COMPSYS303/PaceMakerAssignment/Pacemaker/NiosII/software/pacemaker_bsp/\libhal_bsp.a(alt_icache_flush.o)
 .bss           0x0000000000810b88        0x0 C:/COMPSYS303/PaceMakerAssignment/Pacemaker/NiosII/software/pacemaker_bsp/\libhal_bsp.a(alt_instruction_exception_entry.o)
 .bss           0x0000000000810b88        0x0 c:/intelfpga_lite/18.1/nios2eds/bin/gnu/h-x86_64-mingw32/bin/../lib/gcc/nios2-elf/5.3.0/../../../../../H-x86_64-mingw32/nios2-elf/lib\libc.a(lib_a-atexit.o)
 .bss           0x0000000000810b88        0x0 c:/intelfpga_lite/18.1/nios2eds/bin/gnu/h-x86_64-mingw32/bin/../lib/gcc/nios2-elf/5.3.0/../../../../../H-x86_64-mingw32/nios2-elf/lib\libc.a(lib_a-ctype_.o)
 .bss           0x0000000000810b88        0x0 c:/intelfpga_lite/18.1/nios2eds/bin/gnu/h-x86_64-mingw32/bin/../lib/gcc/nios2-elf/5.3.0/../../../../../H-x86_64-mingw32/nios2-elf/lib\libc.a(lib_a-exit.o)
 .bss           0x0000000000810b88        0x0 c:/intelfpga_lite/18.1/nios2eds/bin/gnu/h-x86_64-mingw32/bin/../lib/gcc/nios2-elf/5.3.0/../../../../../H-x86_64-mingw32/nios2-elf/lib\libc.a(lib_a-memcmp.o)
 .bss           0x0000000000810b88        0x0 c:/intelfpga_lite/18.1/nios2eds/bin/gnu/h-x86_64-mingw32/bin/../lib/gcc/nios2-elf/5.3.0/../../../../../H-x86_64-mingw32/nios2-elf/lib\libc.a(lib_a-__atexit.o)
 .bss           0x0000000000810b88        0x0 c:/intelfpga_lite/18.1/nios2eds/bin/gnu/h-x86_64-mingw32/bin/../lib/gcc/nios2-elf/5.3.0/../../../../../H-x86_64-mingw32/nios2-elf/lib\libc.a(lib_a-__call_atexit.o)
 .bss           0x0000000000810b88        0x0 C:/COMPSYS303/PaceMakerAssignment/Pacemaker/NiosII/software/pacemaker_bsp/\libhal_bsp.a(alt_exit.o)
 *(COMMON)
 COMMON         0x0000000000810b88       0x90 obj/default/purec.o
                0x0000000000810b88                AEI_TIMER
                0x0000000000810ba0                LRI_TIMER
                0x0000000000810bb8                URI_TIMER
                0x0000000000810bd0                VRP_TIMER
                0x0000000000810be8                PVARP_TIMER
                0x0000000000810c00                AVI_TIMER
 COMMON         0x0000000000810c18      0x100 C:/COMPSYS303/PaceMakerAssignment/Pacemaker/NiosII/software/pacemaker_bsp/\libhal_bsp.a(alt_irq_handler.o)
                0x0000000000810c18                alt_irq
                0x0000000000810d18                . = ALIGN (0x4)
                0x0000000000810d18                __bss_end = ABSOLUTE (.)

.sdram          0x0000000000810d18        0x0
                [!provide]                        PROVIDE (_alt_partition_sdram_start, ABSOLUTE (.))
 *(.sdram .sdram. sdram.*)
                0x0000000000810d18                . = ALIGN (0x4)
                [!provide]                        PROVIDE (_alt_partition_sdram_end, ABSOLUTE (.))
                0x0000000000810d18                _end = ABSOLUTE (.)
                0x0000000000810d18                end = ABSOLUTE (.)
                0x0000000000810d18                __alt_stack_base = ABSOLUTE (.)
                [!provide]                        PROVIDE (_alt_partition_sdram_load_addr, LOADADDR (.sdram))

.onchip_mem     0x0000000001008000        0x0 load address 0x0000000000810d18
                [!provide]                        PROVIDE (_alt_partition_onchip_mem_start, ABSOLUTE (.))
 *(.onchip_mem .onchip_mem. onchip_mem.*)
                0x0000000001008000                . = ALIGN (0x4)
                [!provide]                        PROVIDE (_alt_partition_onchip_mem_end, ABSOLUTE (.))
                [!provide]                        PROVIDE (_alt_partition_onchip_mem_load_addr, LOADADDR (.onchip_mem))

.stab
 *(.stab)

.stabstr
 *(.stabstr)

.stab.excl
 *(.stab.excl)

.stab.exclstr
 *(.stab.exclstr)

.stab.index
 *(.stab.index)

.stab.indexstr
 *(.stab.indexstr)

.comment        0x0000000000000000       0x23
 *(.comment)
 .comment       0x0000000000000000       0x23 obj/default/main.o
                                         0x24 (size before relaxing)
 .comment       0x0000000000000023       0x24 obj/default/purec.o
 .comment       0x0000000000000023       0x24 obj/default/sccharts.o
 .comment       0x0000000000000023       0x24 c:/intelfpga_lite/18.1/nios2eds/bin/gnu/h-x86_64-mingw32/bin/../lib/gcc/nios2-elf/5.3.0\libgcc.a(adddf3.o)
 .comment       0x0000000000000023       0x24 c:/intelfpga_lite/18.1/nios2eds/bin/gnu/h-x86_64-mingw32/bin/../lib/gcc/nios2-elf/5.3.0\libgcc.a(gedf2.o)
 .comment       0x0000000000000023       0x24 c:/intelfpga_lite/18.1/nios2eds/bin/gnu/h-x86_64-mingw32/bin/../lib/gcc/nios2-elf/5.3.0\libgcc.a(ledf2.o)
 .comment       0x0000000000000023       0x24 c:/intelfpga_lite/18.1/nios2eds/bin/gnu/h-x86_64-mingw32/bin/../lib/gcc/nios2-elf/5.3.0\libgcc.a(subdf3.o)
 .comment       0x0000000000000023       0x24 c:/intelfpga_lite/18.1/nios2eds/bin/gnu/h-x86_64-mingw32/bin/../lib/gcc/nios2-elf/5.3.0\libgcc.a(floatsidf.o)
 .comment       0x0000000000000023       0x24 c:/intelfpga_lite/18.1/nios2eds/bin/gnu/h-x86_64-mingw32/bin/../lib/gcc/nios2-elf/5.3.0\libgcc.a(_clzsi2.o)
 .comment       0x0000000000000023       0x24 c:/intelfpga_lite/18.1/nios2eds/bin/gnu/h-x86_64-mingw32/bin/../lib/gcc/nios2-elf/5.3.0\libgcc.a(_clz.o)
 .comment       0x0000000000000023       0x24 c:/intelfpga_lite/18.1/nios2eds/bin/gnu/h-x86_64-mingw32/bin/../lib/gcc/nios2-elf/5.3.0/../../../../../H-x86_64-mingw32/nios2-elf/lib\libc.a(lib_a-puts.o)
 .comment       0x0000000000000023       0x24 c:/intelfpga_lite/18.1/nios2eds/bin/gnu/h-x86_64-mingw32/bin/../lib/gcc/nios2-elf/5.3.0/../../../../../H-x86_64-mingw32/nios2-elf/lib\libc.a(lib_a-strlen.o)
 .comment       0x0000000000000023       0x24 c:/intelfpga_lite/18.1/nios2eds/bin/gnu/h-x86_64-mingw32/bin/../lib/gcc/nios2-elf/5.3.0/../../../../../H-x86_64-mingw32/nios2-elf/lib\libc.a(lib_a-findfp.o)
 .comment       0x0000000000000023       0x24 c:/intelfpga_lite/18.1/nios2eds/bin/gnu/h-x86_64-mingw32/bin/../lib/gcc/nios2-elf/5.3.0/../../../../../H-x86_64-mingw32/nios2-elf/lib\libc.a(lib_a-fvwrite.o)
 .comment       0x0000000000000023       0x24 c:/intelfpga_lite/18.1/nios2eds/bin/gnu/h-x86_64-mingw32/bin/../lib/gcc/nios2-elf/5.3.0/../../../../../H-x86_64-mingw32/nios2-elf/lib\libc.a(lib_a-fwalk.o)
 .comment       0x0000000000000023       0x24 c:/intelfpga_lite/18.1/nios2eds/bin/gnu/h-x86_64-mingw32/bin/../lib/gcc/nios2-elf/5.3.0/../../../../../H-x86_64-mingw32/nios2-elf/lib\libc.a(lib_a-impure.o)
 .comment       0x0000000000000023       0x24 c:/intelfpga_lite/18.1/nios2eds/bin/gnu/h-x86_64-mingw32/bin/../lib/gcc/nios2-elf/5.3.0/../../../../../H-x86_64-mingw32/nios2-elf/lib\libc.a(lib_a-mallocr.o)
 .comment       0x0000000000000023       0x24 c:/intelfpga_lite/18.1/nios2eds/bin/gnu/h-x86_64-mingw32/bin/../lib/gcc/nios2-elf/5.3.0/../../../../../H-x86_64-mingw32/nios2-elf/lib\libc.a(lib_a-memchr.o)
 .comment       0x0000000000000023       0x24 c:/intelfpga_lite/18.1/nios2eds/bin/gnu/h-x86_64-mingw32/bin/../lib/gcc/nios2-elf/5.3.0/../../../../../H-x86_64-mingw32/nios2-elf/lib\libc.a(lib_a-memcpy.o)
 .comment       0x0000000000000023       0x24 c:/intelfpga_lite/18.1/nios2eds/bin/gnu/h-x86_64-mingw32/bin/../lib/gcc/nios2-elf/5.3.0/../../../../../H-x86_64-mingw32/nios2-elf/lib\libc.a(lib_a-memmove.o)
 .comment       0x0000000000000023       0x24 c:/intelfpga_lite/18.1/nios2eds/bin/gnu/h-x86_64-mingw32/bin/../lib/gcc/nios2-elf/5.3.0/../../../../../H-x86_64-mingw32/nios2-elf/lib\libc.a(lib_a-memset.o)
 .comment       0x0000000000000023       0x24 c:/intelfpga_lite/18.1/nios2eds/bin/gnu/h-x86_64-mingw32/bin/../lib/gcc/nios2-elf/5.3.0/../../../../../H-x86_64-mingw32/nios2-elf/lib\libc.a(lib_a-reallocr.o)
 .comment       0x0000000000000023       0x24 c:/intelfpga_lite/18.1/nios2eds/bin/gnu/h-x86_64-mingw32/bin/../lib/gcc/nios2-elf/5.3.0/../../../../../H-x86_64-mingw32/nios2-elf/lib\libc.a(lib_a-sbrkr.o)
 .comment       0x0000000000000023       0x24 c:/intelfpga_lite/18.1/nios2eds/bin/gnu/h-x86_64-mingw32/bin/../lib/gcc/nios2-elf/5.3.0/../../../../../H-x86_64-mingw32/nios2-elf/lib\libc.a(lib_a-stdio.o)
 .comment       0x0000000000000023       0x24 c:/intelfpga_lite/18.1/nios2eds/bin/gnu/h-x86_64-mingw32/bin/../lib/gcc/nios2-elf/5.3.0/../../../../../H-x86_64-mingw32/nios2-elf/lib\libc.a(lib_a-writer.o)
 .comment       0x0000000000000023       0x24 c:/intelfpga_lite/18.1/nios2eds/bin/gnu/h-x86_64-mingw32/bin/../lib/gcc/nios2-elf/5.3.0/../../../../../H-x86_64-mingw32/nios2-elf/lib\libc.a(lib_a-wsetup.o)